Archive member included to satisfy reference by file (symbol)

../src/ASF/thirdparty/wireless/services/common_hw_timer/mega/lib\libmegarfr2_lib_hw_timer.a(common_hw_timer.o)
                              src/ASF/thirdparty/wireless/avr2130_lwmesh/source/sys/src/sysTimer.o (common_tc_delay)
c:/program files (x86)/atmel/studio/7.0/toolchain/avr8/avr8-gnu-toolchain/bin/../lib/gcc/avr/5.4.0/avr6\libgcc.a(_mulsi3.o)
                              ../src/ASF/thirdparty/wireless/services/common_hw_timer/mega/lib\libmegarfr2_lib_hw_timer.a(common_hw_timer.o) (__mulsi3)
c:/program files (x86)/atmel/studio/7.0/toolchain/avr8/avr8-gnu-toolchain/bin/../lib/gcc/avr/5.4.0/avr6\libgcc.a(_udivmodhi4.o)
                              ../src/ASF/thirdparty/wireless/services/common_hw_timer/mega/lib\libmegarfr2_lib_hw_timer.a(common_hw_timer.o) (__udivmodhi4)
c:/program files (x86)/atmel/studio/7.0/toolchain/avr8/avr8-gnu-toolchain/bin/../lib/gcc/avr/5.4.0/avr6\libgcc.a(_udivmodsi4.o)
                              src/ASF/mega/drivers/usart/usart_megarf.o (__udivmodsi4)
c:/program files (x86)/atmel/studio/7.0/toolchain/avr8/avr8-gnu-toolchain/bin/../lib/gcc/avr/5.4.0/avr6\libgcc.a(_exit.o)
                              C:/Program Files (x86)/Atmel/Studio/7.0/Packs/atmel/ATmega_DFP/1.6.364/gcc/dev/atmega256rfr2/avr6/crtatmega256rfr2.o (exit)
c:/program files (x86)/atmel/studio/7.0/toolchain/avr8/avr8-gnu-toolchain/bin/../lib/gcc/avr/5.4.0/avr6\libgcc.a(_tablejump2.o)
                              src/ASF/mega/drivers/twi/twi_megarf.o (__tablejump2__)
c:/program files (x86)/atmel/studio/7.0/toolchain/avr8/avr8-gnu-toolchain/bin/../lib/gcc/avr/5.4.0/avr6\libgcc.a(_copy_data.o)
                              src/temperature.o (__do_copy_data)
c:/program files (x86)/atmel/studio/7.0/toolchain/avr8/avr8-gnu-toolchain/bin/../lib/gcc/avr/5.4.0/avr6\libgcc.a(_clear_bss.o)
                              src/ASF/mega/drivers/twi/twi_megarf.o (__do_clear_bss)
c:/program files (x86)/atmel/studio/7.0/toolchain/avr8/avr8-gnu-toolchain/bin/../lib/gcc/avr/5.4.0/avr6\libgcc.a(_muluhisi3.o)
                              c:/program files (x86)/atmel/studio/7.0/toolchain/avr8/avr8-gnu-toolchain/bin/../lib/gcc/avr/5.4.0/avr6\libgcc.a(_mulsi3.o) (__muluhisi3)
c:/program files (x86)/atmel/studio/7.0/toolchain/avr8/avr8-gnu-toolchain/bin/../lib/gcc/avr/5.4.0/avr6\libgcc.a(_umulhisi3.o)
                              c:/program files (x86)/atmel/studio/7.0/toolchain/avr8/avr8-gnu-toolchain/bin/../lib/gcc/avr/5.4.0/avr6\libgcc.a(_muluhisi3.o) (__umulhisi3)
c:/program files (x86)/atmel/studio/7.0/toolchain/avr8/avr8-gnu-toolchain/bin/../lib/gcc/avr/5.4.0/../../../../avr/lib/avr6\libc.a(rand.o)
                              src/ASF/thirdparty/wireless/avr2130_lwmesh/source/nwk/src/nwkTx.o (rand)
c:/program files (x86)/atmel/studio/7.0/toolchain/avr8/avr8-gnu-toolchain/bin/../lib/gcc/avr/5.4.0/../../../../avr/lib/avr6\libc.a(memcpy.o)
                              src/ASF/thirdparty/wireless/avr2130_lwmesh/source/nwk/src/nwkDataReq.o (memcpy)
c:/program files (x86)/atmel/studio/7.0/toolchain/avr8/avr8-gnu-toolchain/bin/../lib/gcc/avr/5.4.0/../../../../avr/lib/avr6\libc.a(fdevopen.o)
                              src/ASF/thirdparty/wireless/addons/sio2host/uart/sio2host.o (fdevopen)
c:/program files (x86)/atmel/studio/7.0/toolchain/avr8/avr8-gnu-toolchain/bin/../lib/gcc/avr/5.4.0/../../../../avr/lib/avr6\libc.a(iob.o)
                              c:/program files (x86)/atmel/studio/7.0/toolchain/avr8/avr8-gnu-toolchain/bin/../lib/gcc/avr/5.4.0/../../../../avr/lib/avr6\libc.a(fdevopen.o) (__iob)
c:/program files (x86)/atmel/studio/7.0/toolchain/avr8/avr8-gnu-toolchain/bin/../lib/gcc/avr/5.4.0/../../../../avr/lib/avr6\libc.a(printf.o)
                              src/Peer2Peer.o (printf)
c:/program files (x86)/atmel/studio/7.0/toolchain/avr8/avr8-gnu-toolchain/bin/../lib/gcc/avr/5.4.0/../../../../avr/lib/avr6\libc.a(sprintf.o)
                              src/Peer2Peer.o (sprintf)
c:/program files (x86)/atmel/studio/7.0/toolchain/avr8/avr8-gnu-toolchain/bin/../lib/gcc/avr/5.4.0/../../../../avr/lib/avr6\libc.a(vfprintf_std.o)
                              c:/program files (x86)/atmel/studio/7.0/toolchain/avr8/avr8-gnu-toolchain/bin/../lib/gcc/avr/5.4.0/../../../../avr/lib/avr6\libc.a(printf.o) (vfprintf)
c:/program files (x86)/atmel/studio/7.0/toolchain/avr8/avr8-gnu-toolchain/bin/../lib/gcc/avr/5.4.0/../../../../avr/lib/avr6\libc.a(calloc.o)
                              c:/program files (x86)/atmel/studio/7.0/toolchain/avr8/avr8-gnu-toolchain/bin/../lib/gcc/avr/5.4.0/../../../../avr/lib/avr6\libc.a(fdevopen.o) (calloc)
c:/program files (x86)/atmel/studio/7.0/toolchain/avr8/avr8-gnu-toolchain/bin/../lib/gcc/avr/5.4.0/../../../../avr/lib/avr6\libc.a(malloc.o)
                              c:/program files (x86)/atmel/studio/7.0/toolchain/avr8/avr8-gnu-toolchain/bin/../lib/gcc/avr/5.4.0/../../../../avr/lib/avr6\libc.a(calloc.o) (malloc)
[...]
Memory Configuration

Name             Origin             Length             Attributes
text             0x00000000         0x00040000         xr
data             0x00800200         0x00008000         rw !x
eeprom           0x00810000         0x00002000         rw !x
fuse             0x00820000         0x00000003         rw !x
lock             0x00830000         0x00000400         rw !x
signature        0x00840000         0x00000400         rw !x
user_signatures  0x00850000         0x00000400         rw !x
*default*        0x00000000         0xffffffff

Linker script and memory map

Address of section .data set to 0x800200
LOAD C:/Program Files (x86)/Atmel/Studio/7.0/Packs/atmel/ATmega_DFP/1.6.364/gcc/dev/atmega256rfr2/avr6/crtatmega256rfr2.o
LOAD src/ASF/mega/drivers/twi/twi_megarf.o
LOAD src/temperature.o
LOAD src/ASF/common/services/clock/mega/sysclk.o
LOAD src/ASF/common/services/serial/usart_serial.o
LOAD src/ASF/common/utils/stdio/read.o
LOAD src/ASF/common/utils/stdio/write.o
LOAD src/ASF/mega/boards/atmega256rfr2_xplained_pro/init.o
LOAD src/ASF/mega/drivers/usart/usart_megarf.o
LOAD src/ASF/thirdparty/wireless/addons/sio2host/uart/sio2host.o
LOAD src/ASF/thirdparty/wireless/avr2130_lwmesh/source/nwk/src/nwk.o
LOAD src/ASF/thirdparty/wireless/avr2130_lwmesh/source/nwk/src/nwkDataReq.o
LOAD src/ASF/thirdparty/wireless/avr2130_lwmesh/source/nwk/src/nwkFrame.o
LOAD src/ASF/thirdparty/wireless/avr2130_lwmesh/source/nwk/src/nwkGroup.o
LOAD src/ASF/thirdparty/wireless/avr2130_lwmesh/source/nwk/src/nwkRoute.o
LOAD src/ASF/thirdparty/wireless/avr2130_lwmesh/source/nwk/src/nwkRouteDiscovery.o
LOAD src/ASF/thirdparty/wireless/avr2130_lwmesh/source/nwk/src/nwkRx.o
LOAD src/ASF/thirdparty/wireless/avr2130_lwmesh/source/nwk/src/nwkSecurity.o
LOAD src/ASF/thirdparty/wireless/avr2130_lwmesh/source/nwk/src/nwkTx.o
LOAD src/ASF/thirdparty/wireless/avr2130_lwmesh/source/phy/atmegarfr2/src/phy.o
LOAD src/ASF/thirdparty/wireless/avr2130_lwmesh/source/sys/src/sys.o
LOAD src/ASF/thirdparty/wireless/avr2130_lwmesh/source/sys/src/sysEncrypt.o
LOAD src/ASF/thirdparty/wireless/avr2130_lwmesh/source/sys/src/sysTimer.o
LOAD src/ASF/thirdparty/wireless/services/common_hw_timer/mega/hw_timer.o
LOAD src/ASF/thirdparty/wireless/services/mega/drivers/tc/tc_megarf.o
LOAD src/ASF/thirdparty/wireless/services/sal/atmegarf_sal/src/sal.o
LOAD src/Peer2Peer.o
START GROUP
LOAD ../src/ASF/thirdparty/wireless/services/common_hw_timer/mega/lib\libmegarfr2_lib_hw_timer.a
LOAD c:/program files (x86)/atmel/studio/7.0/toolchain/avr8/avr8-gnu-toolchain/bin/../lib/gcc/avr/5.4.0/../../../../avr/lib/avr6\libm.a
END GROUP
START GROUP
LOAD c:/program files (x86)/atmel/studio/7.0/toolchain/avr8/avr8-gnu-toolchain/bin/../lib/gcc/avr/5.4.0/avr6\libgcc.a
LOAD c:/program files (x86)/atmel/studio/7.0/toolchain/avr8/avr8-gnu-toolchain/bin/../lib/gcc/avr/5.4.0/../../../../avr/lib/avr6\libm.a
LOAD c:/program files (x86)/atmel/studio/7.0/toolchain/avr8/avr8-gnu-toolchain/bin/../lib/gcc/avr/5.4.0/../../../../avr/lib/avr6\libc.a
LOAD C:/Program Files (x86)/Atmel/Studio/7.0/Packs/atmel/ATmega_DFP/1.6.364/gcc/dev/atmega256rfr2/avr6\libatmega256rfr2.a
END GROUP
                [0x00000000]                __TEXT_REGION_ORIGIN__ = DEFINED (__TEXT_REGION_ORIGIN__)?__TEXT_REGION_ORIGIN__:0x0
                [0x00800200]                __DATA_REGION_ORIGIN__ = DEFINED (__DATA_REGION_ORIGIN__)?__DATA_REGION_ORIGIN__:0x800200
                [0x00040000]                __TEXT_REGION_LENGTH__ = DEFINED (__TEXT_REGION_LENGTH__)?__TEXT_REGION_LENGTH__:0x100000
                [0x00008000]                __DATA_REGION_LENGTH__ = DEFINED (__DATA_REGION_LENGTH__)?__DATA_REGION_LENGTH__:0xfe00
                [0x00002000]                __EEPROM_REGION_LENGTH__ = DEFINED (__EEPROM_REGION_LENGTH__)?__EEPROM_REGION_LENGTH__:0x10000
                [0x00000003]                __FUSE_REGION_LENGTH__ = DEFINED (__FUSE_REGION_LENGTH__)?__FUSE_REGION_LENGTH__:0x400
                0x00000400                __LOCK_REGION_LENGTH__ = DEFINED (__LOCK_REGION_LENGTH__)?__LOCK_REGION_LENGTH__:0x400
                0x00000400                __SIGNATURE_REGION_LENGTH__ = DEFINED (__SIGNATURE_REGION_LENGTH__)?__SIGNATURE_REGION_LENGTH__:0x400
                0x00000400                __USER_SIGNATURE_REGION_LENGTH__ = DEFINED (__USER_SIGNATURE_REGION_LENGTH__)?__USER_SIGNATURE_REGION_LENGTH__:0x400

.hash
 *(.hash)

.dynsym
 *(.dynsym)

.dynstr
 *(.dynstr)

.gnu.version
 *(.gnu.version)

.gnu.version_d
 *(.gnu.version_d)

.gnu.version_r
 *(.gnu.version_r)

.rel.init
 *(.rel.init)

.rela.init
 *(.rela.init)

.rel.text
 *(.rel.text)
 *(.rel.text.*)
 *(.rel.gnu.linkonce.t*)

.rela.text
 *(.rela.text)
 *(.rela.text.*)
 *(.rela.gnu.linkonce.t*)

.rel.fini
 *(.rel.fini)

.rela.fini
 *(.rela.fini)

.rel.rodata
 *(.rel.rodata)
 *(.rel.rodata.*)
 *(.rel.gnu.linkonce.r*)

.rela.rodata
 *(.rela.rodata)
 *(.rela.rodata.*)
 *(.rela.gnu.linkonce.r*)

.rel.data
 *(.rel.data)
 *(.rel.data.*)
 *(.rel.gnu.linkonce.d*)

.rela.data
 *(.rela.data)
 *(.rela.data.*)
 *(.rela.gnu.linkonce.d*)

.rel.ctors
 *(.rel.ctors)

.rela.ctors
 *(.rela.ctors)

.rel.dtors
 *(.rel.dtors)

.rela.dtors
 *(.rela.dtors)

.rel.got
 *(.rel.got)

.rela.got
 *(.rela.got)

.rel.bss
 *(.rel.bss)

.rela.bss
 *(.rela.bss)

.rel.plt
 *(.rel.plt)

.rela.plt
 *(.rela.plt)

.text           0x00000000     0x41ba
 *(.vectors)
 .vectors       0x00000000      0x134 C:/Program Files (x86)/Atmel/Studio/7.0/Packs/atmel/ATmega_DFP/1.6.364/gcc/dev/atmega256rfr2/avr6/crtatmega256rfr2.o
                0x00000000                __vector_default
                0x00000000                __vectors
 *(.vectors)
 *(.progmem.gcc*)
 .progmem.gcc_sw_table.__vector_39
                0x00000134      0x192 src/ASF/mega/drivers/twi/twi_megarf.o
                0x000002c6                . = ALIGN (0x2)
                0x000002c6                __trampolines_start = .
 *(.trampolines)
 .trampolines   0x000002c6        0x0 linker stubs
 *(.trampolines*)
                0x000002c6                __trampolines_end = .
 *libprintf_flt.a:*(.progmem.data)
 *libc.a:*(.progmem.data)
 *(.progmem*)
                0x000002c6                . = ALIGN (0x2)
 *(.jumptables)
 *(.jumptables*)
 *(.lowtext)
 *(.lowtext*)
                0x000002c6                __ctors_start = .
 *(.ctors)
                0x000002c6                __ctors_end = .
                0x000002c6                __dtors_start = .
 *(.dtors)
                0x000002c6                __dtors_end = .
 SORT(*)(.ctors)
 SORT(*)(.dtors)
 *(.init0)
 .init0         0x000002c6        0x0 C:/Program Files (x86)/Atmel/Studio/7.0/Packs/atmel/ATmega_DFP/1.6.364/gcc/dev/atmega256rfr2/avr6/crtatmega256rfr2.o
                0x000002c6                __init
 *(.init0)
 *(.init1)
 *(.init1)
 *(.init2)
 .init2         0x000002c6       0x10 C:/Program Files (x86)/Atmel/Studio/7.0/Packs/atmel/ATmega_DFP/1.6.364/gcc/dev/atmega256rfr2/avr6/crtatmega256rfr2.o
 *(.init2)
 *(.init3)
 *(.init3)
 *(.init4)
 .init4         0x000002d6       0x1a c:/program files (x86)/atmel/studio/7.0/toolchain/avr8/avr8-gnu-toolchain/bin/../lib/gcc/avr/5.4.0/avr6\libgcc.a(_copy_data.o)
                0x000002d6                __do_copy_data
 .init4         0x000002f0       0x10 c:/program files (x86)/atmel/studio/7.0/toolchain/avr8/avr8-gnu-toolchain/bin/../lib/gcc/avr/5.4.0/avr6\libgcc.a(_clear_bss.o)
                0x000002f0                __do_clear_bss
 *(.init4)
 *(.init5)
 *(.init5)
 *(.init6)
 *(.init6)
 *(.init7)
 *(.init7)
 *(.init8)
 *(.init8)
 *(.init9)
 .init9         0x00000300        0x8 C:/Program Files (x86)/Atmel/Studio/7.0/Packs/atmel/ATmega_DFP/1.6.364/gcc/dev/atmega256rfr2/avr6/crtatmega256rfr2.o
 *(.init9)
 *(.text)
 .text          0x00000308        0x2 C:/Program Files (x86)/Atmel/Studio/7.0/Packs/atmel/ATmega_DFP/1.6.364/gcc/dev/atmega256rfr2/avr6/crtatmega256rfr2.o
                0x00000308                __vector_38
                0x00000308                __vector_22
                0x00000308                __vector_63
                0x00000308                __vector_28
                0x00000308                __vector_67
                0x00000308                __vector_1
                0x00000308                __vector_75
                0x00000308                __vector_71
                0x00000308                __vector_62
                0x00000308                __vector_24
                0x00000308                __vector_12
                0x00000308                __vector_55
                0x00000308                __vector_69
                0x00000308                __vector_46
                0x00000308                __bad_interrupt
                0x00000308                __vector_72
                0x00000308                __vector_6
                0x00000308                __vector_31
                0x00000308                __vector_74
                0x00000308                __vector_3
                0x00000308                __vector_23
                0x00000308                __vector_68
                0x00000308                __vector_30
                0x00000308                __vector_73
                0x00000308                __vector_25
                0x00000308                __vector_61
                0x00000308                __vector_11
                0x00000308                __vector_54
                0x00000308                __vector_13
                0x00000308                __vector_56
                0x00000308                __vector_7
                0x00000308                __vector_41
                0x00000308                __vector_64
                0x00000308                __vector_27
                0x00000308                __vector_5
                0x00000308                __vector_76
                0x00000308                __vector_52
                0x00000308                __vector_37
                0x00000308                __vector_4
                0x00000308                __vector_51
                0x00000308                __vector_9
                0x00000308                __vector_2
                0x00000308                __vector_21
                0x00000308                __vector_15
                0x00000308                __vector_66
                0x00000308                __vector_58
                0x00000308                __vector_70
                0x00000308                __vector_29
                0x00000308                __vector_60
                0x00000308                __vector_40
                0x00000308                __vector_8
                0x00000308                __vector_26
                0x00000308                __vector_14
                0x00000308                __vector_57
                0x00000308                __vector_53
                0x00000308                __vector_10
                0x00000308                __vector_16
                0x00000308                __vector_59
                0x00000308                __vector_65
 .text          0x0000030a      0x216 ../src/ASF/thirdparty/wireless/services/common_hw_timer/mega/lib\libmegarfr2_lib_hw_timer.a(common_hw_timer.o)
                0x0000030a                common_tc_read_count
                0x0000035a                common_tc_compare_stop
                0x0000037e                common_tc_overflow_stop
                0x00000388                common_tc_stop
                0x00000390                common_tc_delay
                0x0000047a                common_tc_init
                0x00000488                tmr_ovf_callback
                0x000004f8                tmr_cca_callback
                0x0000050c                set_common_tc_overflow_callback
                0x00000516                set_common_tc_expiry_callback
                0x00000520                . = ALIGN (0x2)
 *(.text.*)
 .text.twi_master_bus_reset
                0x00000520       0x12 src/ASF/mega/drivers/twi/twi_megarf.o
 .text.twi_master_write
                0x00000532       0x58 src/ASF/mega/drivers/twi/twi_megarf.o
                0x00000532                twi_master_write
 .text.twi_master_read
                0x0000058a       0x66 src/ASF/mega/drivers/twi/twi_megarf.o
                0x0000058a                twi_master_read
 .text.twi_master_init
                0x000005f0       0x26 src/ASF/mega/drivers/twi/twi_megarf.o
                0x000005f0                twi_master_init
 .text.__vector_39
                0x00000616      0x3a4 src/ASF/mega/drivers/twi/twi_megarf.o
                0x00000616                __vector_39
 .text.sensor_conf
                0x000009ba       0x60 src/temperature.o
                0x000009ba                sensor_conf
 .text.read_temperature
                0x00000a1a       0x72 src/temperature.o
                0x00000a1a                read_temperature
 .text.twi_init
                0x00000a8c       0x5c src/temperature.o
                0x00000a8c                twi_init
 .text.sysclk_init
                0x00000ae8       0x36 src/ASF/common/services/clock/mega/sysclk.o
                0x00000ae8                sysclk_init
 .text.sysclk_enable_module
                0x00000b1e       0x30 src/ASF/common/services/clock/mega/sysclk.o
                0x00000b1e                sysclk_enable_module
 .text.sysclk_disable_module
                0x00000b4e       0x2e src/ASF/common/services/clock/mega/sysclk.o
                0x00000b4e                sysclk_disable_module
 .text.usart_serial_write_packet
                0x00000b7c       0x34 src/ASF/common/services/serial/usart_serial.o
                0x00000b7c                usart_serial_write_packet
 .text.usart_serial_read_packet
                0x00000bb0       0x34 src/ASF/common/services/serial/usart_serial.o
                0x00000bb0                usart_serial_read_packet
 .text._read    0x00000be4       0x32 src/ASF/common/utils/stdio/read.o
                0x00000be4                _read
 .text._write   0x00000c16       0x24 src/ASF/common/utils/stdio/write.o
                0x00000c16                _write
 .text.board_init
                0x00000c3a        0xa src/ASF/mega/boards/atmega256rfr2_xplained_pro/init.o
                0x00000c3a                board_init
 .text.usart_putchar
                0x00000c44        0xe src/ASF/mega/drivers/usart/usart_megarf.o
                0x00000c44                usart_putchar
 .text.usart_getchar
                0x00000c52        0xc src/ASF/mega/drivers/usart/usart_megarf.o
                0x00000c52                usart_getchar
 .text.usart_set_baudrate
                0x00000c5e      0x116 src/ASF/mega/drivers/usart/usart_megarf.o
                0x00000c5e                usart_set_baudrate
 .text.usart_init_rs232
                0x00000d74       0x92 src/ASF/mega/drivers/usart/usart_megarf.o
                0x00000d74                usart_init_rs232
 .text.usart_serial_getchar
                0x00000e06       0x10 src/ASF/thirdparty/wireless/addons/sio2host/uart/sio2host.o
 .text.usart_serial_putchar
                0x00000e16        0x4 src/ASF/thirdparty/wireless/addons/sio2host/uart/sio2host.o
 .text.sio2host_init
                0x00000e1a       0x92 src/ASF/thirdparty/wireless/addons/sio2host/uart/sio2host.o
                0x00000e1a                sio2host_init
 .text.sio2host_tx
                0x00000eac       0x2e src/ASF/thirdparty/wireless/addons/sio2host/uart/sio2host.o
                0x00000eac                sio2host_tx
 .text.sio2host_rx
                0x00000eda       0x7e src/ASF/thirdparty/wireless/addons/sio2host/uart/sio2host.o
                0x00000eda                sio2host_rx
 .text.sio2host_putchar
                0x00000f58       0x1c src/ASF/thirdparty/wireless/addons/sio2host/uart/sio2host.o
                0x00000f58                sio2host_putchar
 .text.__vector_36
                0x00000f74       0x90 src/ASF/thirdparty/wireless/addons/sio2host/uart/sio2host.o
                0x00000f74                __vector_36
 .text.NWK_Init
                0x00001004       0x30 src/ASF/thirdparty/wireless/avr2130_lwmesh/source/nwk/src/nwk.o
                0x00001004                NWK_Init
 .text.NWK_SetAddr
                0x00001034        0xe src/ASF/thirdparty/wireless/avr2130_lwmesh/source/nwk/src/nwk.o
                0x00001034                NWK_SetAddr
 .text.NWK_SetPanId
                0x00001042        0xe src/ASF/thirdparty/wireless/avr2130_lwmesh/source/nwk/src/nwk.o
                0x00001042                NWK_SetPanId
 .text.NWK_OpenEndpoint
                0x00001050       0x12 src/ASF/thirdparty/wireless/avr2130_lwmesh/source/nwk/src/nwk.o
                0x00001050                NWK_OpenEndpoint
 .text.NWK_TaskHandler
                0x00001062        0xc src/ASF/thirdparty/wireless/avr2130_lwmesh/source/nwk/src/nwk.o
                0x00001062                NWK_TaskHandler
 .text.nwkDataReqTxConf
                0x0000106e       0x46 src/ASF/thirdparty/wireless/avr2130_lwmesh/source/nwk/src/nwkDataReq.o
 .text.nwkDataReqInit
                0x000010b4        0xa src/ASF/thirdparty/wireless/avr2130_lwmesh/source/nwk/src/nwkDataReq.o
                0x000010b4                nwkDataReqInit
 .text.NWK_DataReq
                0x000010be       0x48 src/ASF/thirdparty/wireless/avr2130_lwmesh/source/nwk/src/nwkDataReq.o
                0x000010be                NWK_DataReq
 .text.nwkDataReqTaskHandler
                0x00001106      0x156 src/ASF/thirdparty/wireless/avr2130_lwmesh/source/nwk/src/nwkDataReq.o
                0x00001106                nwkDataReqTaskHandler
 .text.nwkFrameInit
                0x0000125c        0xe src/ASF/thirdparty/wireless/avr2130_lwmesh/source/nwk/src/nwkFrame.o
                0x0000125c                nwkFrameInit
 .text.nwkFrameAlloc
                0x0000126a       0x6c src/ASF/thirdparty/wireless/avr2130_lwmesh/source/nwk/src/nwkFrame.o
                0x0000126a                nwkFrameAlloc
 .text.nwkFrameFree
                0x000012d6       0x14 src/ASF/thirdparty/wireless/avr2130_lwmesh/source/nwk/src/nwkFrame.o
                0x000012d6                nwkFrameFree
 .text.nwkFrameNext
                0x000012ea       0x4a src/ASF/thirdparty/wireless/avr2130_lwmesh/source/nwk/src/nwkFrame.o
                0x000012ea                nwkFrameNext
 .text.nwkFrameCommandInit
                0x00001334       0x28 src/ASF/thirdparty/wireless/avr2130_lwmesh/source/nwk/src/nwkFrame.o
                0x00001334                nwkFrameCommandInit
 .text.nwkRouteInit
                0x0000135c       0x40 src/ASF/thirdparty/wireless/avr2130_lwmesh/source/nwk/src/nwkRoute.o
                0x0000135c                nwkRouteInit
 .text.NWK_RouteFindEntry
                0x0000139c       0x64 src/ASF/thirdparty/wireless/avr2130_lwmesh/source/nwk/src/nwkRoute.o
                0x0000139c                NWK_RouteFindEntry
 .text.NWK_RouteNewEntry
                0x00001400       0x44 src/ASF/thirdparty/wireless/avr2130_lwmesh/source/nwk/src/nwkRoute.o
                0x00001400                NWK_RouteNewEntry
 .text.NWK_RouteFreeEntry
                0x00001444       0x14 src/ASF/thirdparty/wireless/avr2130_lwmesh/source/nwk/src/nwkRoute.o
                0x00001444                NWK_RouteFreeEntry
 .text.NWK_RouteNextHop
                0x00001458       0x14 src/ASF/thirdparty/wireless/avr2130_lwmesh/source/nwk/src/nwkRoute.o
                0x00001458                NWK_RouteNextHop
 .text.nwkRouteRemove
                0x0000146c        0xa src/ASF/thirdparty/wireless/avr2130_lwmesh/source/nwk/src/nwkRoute.o
                0x0000146c                nwkRouteRemove
 .text.nwkRouteFrameReceived
                0x00001476       0x9e src/ASF/thirdparty/wireless/avr2130_lwmesh/source/nwk/src/nwkRoute.o
                0x00001476                nwkRouteFrameReceived
 .text.nwkRouteFrameSent
                0x00001514       0x8e src/ASF/thirdparty/wireless/avr2130_lwmesh/source/nwk/src/nwkRoute.o
                0x00001514                nwkRouteFrameSent
 .text.nwkRoutePrepareTx
                0x000015a2       0x3e src/ASF/thirdparty/wireless/avr2130_lwmesh/source/nwk/src/nwkRoute.o
                0x000015a2                nwkRoutePrepareTx
 .text.nwkRouteFrame
                0x000015e0       0x98 src/ASF/thirdparty/wireless/avr2130_lwmesh/source/nwk/src/nwkRoute.o
                0x000015e0                nwkRouteFrame
 .text.nwkRouteErrorReceived
                0x00001678       0x1e src/ASF/thirdparty/wireless/avr2130_lwmesh/source/nwk/src/nwkRoute.o
                0x00001678                nwkRouteErrorReceived
 .text.nwkRxSeriveDataInd
                0x00001696       0x30 src/ASF/thirdparty/wireless/avr2130_lwmesh/source/nwk/src/nwkRx.o
 .text.nwkRxDuplicateRejectionTimerHandler
                0x000016c6       0x2e src/ASF/thirdparty/wireless/avr2130_lwmesh/source/nwk/src/nwkRx.o
 .text.nwkRxInit
                0x000016f4       0x3a src/ASF/thirdparty/wireless/avr2130_lwmesh/source/nwk/src/nwkRx.o
                0x000016f4                nwkRxInit
 .text.PHY_DataInd
                0x0000172e       0x56 src/ASF/thirdparty/wireless/avr2130_lwmesh/source/nwk/src/nwkRx.o
                0x0000172e                PHY_DataInd
 .text.nwkRxDecryptConf
                0x00001784       0x14 src/ASF/thirdparty/wireless/avr2130_lwmesh/source/nwk/src/nwkRx.o
                0x00001784                nwkRxDecryptConf
 .text.nwkRxTaskHandler
                0x00001798      0x4a2 src/ASF/thirdparty/wireless/avr2130_lwmesh/source/nwk/src/nwkRx.o
                0x00001798                nwkRxTaskHandler
 .text.nwkSecurityInit
                0x00001c3a        0xe src/ASF/thirdparty/wireless/avr2130_lwmesh/source/nwk/src/nwkSecurity.o
                0x00001c3a                nwkSecurityInit
 .text.nwkSecurityProcess
                0x00001c48       0x1e src/ASF/thirdparty/wireless/avr2130_lwmesh/source/nwk/src/nwkSecurity.o
                0x00001c48                nwkSecurityProcess
 .text.SYS_EncryptConf
                0x00001c66       0x82 src/ASF/thirdparty/wireless/avr2130_lwmesh/source/nwk/src/nwkSecurity.o
                0x00001c66                SYS_EncryptConf
 .text.nwkSecurityTaskHandler
                0x00001ce8      0x1de src/ASF/thirdparty/wireless/avr2130_lwmesh/source/nwk/src/nwkSecurity.o
                0x00001ce8                nwkSecurityTaskHandler
 .text.nwkTxDelayTimerHandler
                0x00001ec6       0x58 src/ASF/thirdparty/wireless/avr2130_lwmesh/source/nwk/src/nwkTx.o
 .text.nwkTxAckWaitTimerHandler
                0x00001f1e       0x64 src/ASF/thirdparty/wireless/avr2130_lwmesh/source/nwk/src/nwkTx.o
 .text.nwkTxInit
                0x00001f82       0x46 src/ASF/thirdparty/wireless/avr2130_lwmesh/source/nwk/src/nwkTx.o
                0x00001f82                nwkTxInit
 .text.nwkTxFrame
                0x00001fc8       0xaa src/ASF/thirdparty/wireless/avr2130_lwmesh/source/nwk/src/nwkTx.o
                0x00001fc8                nwkTxFrame
 .text.nwkTxBroadcastFrame
                0x00002072       0x8a src/ASF/thirdparty/wireless/avr2130_lwmesh/source/nwk/src/nwkTx.o
                0x00002072                nwkTxBroadcastFrame
 .text.nwkTxAckReceived
                0x000020fc       0x4a src/ASF/thirdparty/wireless/avr2130_lwmesh/source/nwk/src/nwkTx.o
                0x000020fc                nwkTxAckReceived
 .text.nwkTxEncryptConf
                0x00002146        0x8 src/ASF/thirdparty/wireless/avr2130_lwmesh/source/nwk/src/nwkTx.o
                0x00002146                nwkTxEncryptConf
 .text.PHY_DataConf
                0x0000214e       0x46 src/ASF/thirdparty/wireless/avr2130_lwmesh/source/nwk/src/nwkTx.o
                0x0000214e                PHY_DataConf
 .text.nwkTxTaskHandler
                0x00002194      0x140 src/ASF/thirdparty/wireless/avr2130_lwmesh/source/nwk/src/nwkTx.o
                0x00002194                nwkTxTaskHandler
 .text.phySetChannel
                0x000022d4       0x3c src/ASF/thirdparty/wireless/avr2130_lwmesh/source/phy/atmegarfr2/src/phy.o
 .text.phyTrxSetState
                0x00002310       0x28 src/ASF/thirdparty/wireless/avr2130_lwmesh/source/phy/atmegarfr2/src/phy.o
 .text.phySetRxState
                0x00002338       0x18 src/ASF/thirdparty/wireless/avr2130_lwmesh/source/phy/atmegarfr2/src/phy.o
 .text.PHY_Init
                0x00002350       0x36 src/ASF/thirdparty/wireless/avr2130_lwmesh/source/phy/atmegarfr2/src/phy.o
                0x00002350                PHY_Init
 .text.PHY_SetRxState
                0x00002386        0x8 src/ASF/thirdparty/wireless/avr2130_lwmesh/source/phy/atmegarfr2/src/phy.o
                0x00002386                PHY_SetRxState
 .text.PHY_SetChannel
                0x0000238e        0x8 src/ASF/thirdparty/wireless/avr2130_lwmesh/source/phy/atmegarfr2/src/phy.o
                0x0000238e                PHY_SetChannel
 .text.PHY_SetPanId
                0x00002396       0x24 src/ASF/thirdparty/wireless/avr2130_lwmesh/source/phy/atmegarfr2/src/phy.o
                0x00002396                PHY_SetPanId
 .text.PHY_SetShortAddr
                0x000023ba       0x2e src/ASF/thirdparty/wireless/avr2130_lwmesh/source/phy/atmegarfr2/src/phy.o
                0x000023ba                PHY_SetShortAddr
 .text.PHY_DataReq
                0x000023e8       0x50 src/ASF/thirdparty/wireless/avr2130_lwmesh/source/phy/atmegarfr2/src/phy.o
                0x000023e8                PHY_DataReq
 .text.PHY_EncryptReq
                0x00002438       0x1c src/ASF/thirdparty/wireless/avr2130_lwmesh/source/phy/atmegarfr2/src/phy.o
                0x00002438                PHY_EncryptReq
 .text.PHY_TaskHandler
                0x00002454       0xf6 src/ASF/thirdparty/wireless/avr2130_lwmesh/source/phy/atmegarfr2/src/phy.o
                0x00002454                PHY_TaskHandler
 .text.SYS_Init
                0x0000254a        0xc src/ASF/thirdparty/wireless/avr2130_lwmesh/source/sys/src/sys.o
                0x0000254a                SYS_Init
 .text.SYS_TaskHandler
                0x00002556        0xa src/ASF/thirdparty/wireless/avr2130_lwmesh/source/sys/src/sys.o
                0x00002556                SYS_TaskHandler
 .text.SYS_EncryptReq
                0x00002560        0x6 src/ASF/thirdparty/wireless/avr2130_lwmesh/source/sys/src/sysEncrypt.o
                0x00002560                SYS_EncryptReq
 .text.placeTimer
                0x00002566       0xc8 src/ASF/thirdparty/wireless/avr2130_lwmesh/source/sys/src/sysTimer.o
 .text.SYS_HwExpiry_Cb
                0x0000262e       0x14 src/ASF/thirdparty/wireless/avr2130_lwmesh/source/sys/src/sysTimer.o
                0x0000262e                SYS_HwExpiry_Cb
 .text.SYS_TimerInit
                0x00002642       0x22 src/ASF/thirdparty/wireless/avr2130_lwmesh/source/sys/src/sysTimer.o
                0x00002642                SYS_TimerInit
 .text.SYS_TimerStop
                0x00002664       0x7a src/ASF/thirdparty/wireless/avr2130_lwmesh/source/sys/src/sysTimer.o
                0x00002664                SYS_TimerStop
 .text.SYS_TimerStarted
                0x000026de       0x34 src/ASF/thirdparty/wireless/avr2130_lwmesh/source/sys/src/sysTimer.o
                0x000026de                SYS_TimerStarted
 .text.SYS_TimerStart
                0x00002712       0x16 src/ASF/thirdparty/wireless/avr2130_lwmesh/source/sys/src/sysTimer.o
                0x00002712                SYS_TimerStart
 .text.SYS_TimerTaskHandler
                0x00002728       0xda src/ASF/thirdparty/wireless/avr2130_lwmesh/source/sys/src/sysTimer.o
                0x00002728                SYS_TimerTaskHandler
 .text.tc_ovf_callback
                0x00002802        0x6 src/ASF/thirdparty/wireless/services/common_hw_timer/mega/hw_timer.o
                0x00002802                tc_ovf_callback
 .text.tc_cca_callback
                0x00002808        0x6 src/ASF/thirdparty/wireless/services/common_hw_timer/mega/hw_timer.o
                0x00002808                tc_cca_callback
 .text.tmr_read_count
                0x0000280e        0xa src/ASF/thirdparty/wireless/services/common_hw_timer/mega/hw_timer.o
                0x0000280e                tmr_read_count
 .text.tmr_disable_cc_interrupt
                0x00002818        0xe src/ASF/thirdparty/wireless/services/common_hw_timer/mega/hw_timer.o
                0x00002818                tmr_disable_cc_interrupt
 .text.tmr_enable_cc_interrupt
                0x00002826        0xe src/ASF/thirdparty/wireless/services/common_hw_timer/mega/hw_timer.o
                0x00002826                tmr_enable_cc_interrupt
 .text.tmr_disable_ovf_interrupt
                0x00002834        0xe src/ASF/thirdparty/wireless/services/common_hw_timer/mega/hw_timer.o
                0x00002834                tmr_disable_ovf_interrupt
 .text.tmr_stop
                0x00002842        0x8 src/ASF/thirdparty/wireless/services/common_hw_timer/mega/hw_timer.o
                0x00002842                tmr_stop
 .text.tmr_write_cmpreg
                0x0000284a       0x16 src/ASF/thirdparty/wireless/services/common_hw_timer/mega/hw_timer.o
                0x0000284a                tmr_write_cmpreg
 .text.save_cpu_interrupt
                0x00002860       0x1a src/ASF/thirdparty/wireless/services/common_hw_timer/mega/hw_timer.o
                0x00002860                save_cpu_interrupt
 .text.restore_cpu_interrupt
                0x0000287a        0x4 src/ASF/thirdparty/wireless/services/common_hw_timer/mega/hw_timer.o
                0x0000287a                restore_cpu_interrupt
 .text.tmr_init
                0x0000287e       0x40 src/ASF/thirdparty/wireless/services/common_hw_timer/mega/hw_timer.o
                0x0000287e                tmr_init
 .text.__vector_20
                0x000028be       0x5a src/ASF/thirdparty/wireless/services/mega/drivers/tc/tc_megarf.o
                0x000028be                __vector_20
 .text.__vector_17
                0x00002918       0x5a src/ASF/thirdparty/wireless/services/mega/drivers/tc/tc_megarf.o
                0x00002918                __vector_17
 .text.__vector_18
                0x00002972       0x5a src/ASF/thirdparty/wireless/services/mega/drivers/tc/tc_megarf.o
                0x00002972                __vector_18
 .text.__vector_19
                0x000029cc       0x5a src/ASF/thirdparty/wireless/services/mega/drivers/tc/tc_megarf.o
                0x000029cc                __vector_19
 .text.__vector_35
                0x00002a26       0x5a src/ASF/thirdparty/wireless/services/mega/drivers/tc/tc_megarf.o
                0x00002a26                __vector_35
 .text.__vector_32
                0x00002a80       0x5a src/ASF/thirdparty/wireless/services/mega/drivers/tc/tc_megarf.o
                0x00002a80                __vector_32
 .text.__vector_33
                0x00002ada       0x5a src/ASF/thirdparty/wireless/services/mega/drivers/tc/tc_megarf.o
                0x00002ada                __vector_33
 .text.__vector_34
                0x00002b34       0x5a src/ASF/thirdparty/wireless/services/mega/drivers/tc/tc_megarf.o
                0x00002b34                __vector_34
 .text.__vector_45
                0x00002b8e       0x5a src/ASF/thirdparty/wireless/services/mega/drivers/tc/tc_megarf.o
                0x00002b8e                __vector_45
 .text.__vector_42
                0x00002be8       0x5a src/ASF/thirdparty/wireless/services/mega/drivers/tc/tc_megarf.o
                0x00002be8                __vector_42
 .text.__vector_43
                0x00002c42       0x5a src/ASF/thirdparty/wireless/services/mega/drivers/tc/tc_megarf.o
                0x00002c42                __vector_43
 .text.__vector_44
                0x00002c9c       0x5a src/ASF/thirdparty/wireless/services/mega/drivers/tc/tc_megarf.o
                0x00002c9c                __vector_44
 .text.__vector_50
                0x00002cf6       0x5a src/ASF/thirdparty/wireless/services/mega/drivers/tc/tc_megarf.o
                0x00002cf6                __vector_50
 .text.__vector_47
                0x00002d50       0x5a src/ASF/thirdparty/wireless/services/mega/drivers/tc/tc_megarf.o
                0x00002d50                __vector_47
 .text.__vector_48
                0x00002daa       0x5a src/ASF/thirdparty/wireless/services/mega/drivers/tc/tc_megarf.o
                0x00002daa                __vector_48
 .text.__vector_49
                0x00002e04       0x5a src/ASF/thirdparty/wireless/services/mega/drivers/tc/tc_megarf.o
                0x00002e04                __vector_49
 .text.tc_enable
                0x00002e5e       0xee src/ASF/thirdparty/wireless/services/mega/drivers/tc/tc_megarf.o
                0x00002e5e                tc_enable
 .text.tc_disable
                0x00002f4c       0xee src/ASF/thirdparty/wireless/services/mega/drivers/tc/tc_megarf.o
                0x00002f4c                tc_disable
 .text.tc_set_overflow_interrupt_callback
                0x0000303a       0x40 src/ASF/thirdparty/wireless/services/mega/drivers/tc/tc_megarf.o
                0x0000303a                tc_set_overflow_interrupt_callback
 .text.tc_set_compa_interrupt_callback
                0x0000307a       0x40 src/ASF/thirdparty/wireless/services/mega/drivers/tc/tc_megarf.o
                0x0000307a                tc_set_compa_interrupt_callback
 .text.sal_init
                0x000030ba        0x2 src/ASF/thirdparty/wireless/services/sal/atmegarf_sal/src/sal.o
                0x000030ba                sal_init
 .text.sal_aes_exec
                0x000030bc       0x2c src/ASF/thirdparty/wireless/services/sal/atmegarf_sal/src/sal.o
                0x000030bc                sal_aes_exec
 .text.sal_aes_setup
                0x000030e8      0x11c src/ASF/thirdparty/wireless/services/sal/atmegarf_sal/src/sal.o
                0x000030e8                sal_aes_setup
 .text.sal_aes_read
                0x00003204       0x18 src/ASF/thirdparty/wireless/services/sal/atmegarf_sal/src/sal.o
                0x00003204                sal_aes_read
 .text.appDataConf
                0x0000321c        0x6 src/Peer2Peer.o
 .text.alarm_timer_handler
                0x00003222        0x8 src/Peer2Peer.o
 .text.temp_timer_handler
                0x0000322a        0x8 src/Peer2Peer.o
 .text.ack_timer_handler
                0x00003232        0x8 src/Peer2Peer.o
 .text.appSendData
                0x0000323a       0x62 src/Peer2Peer.o
 .text.appTimerHandler
                0x0000329c        0x4 src/Peer2Peer.o
 .text.appDataInd
                0x000032a0      0x162 src/Peer2Peer.o
 .text.init_alarm_timer
                0x00003402       0x22 src/Peer2Peer.o
                0x00003402                init_alarm_timer
 .text.init_temp_timer
                0x00003424       0x26 src/Peer2Peer.o
                0x00003424                init_temp_timer
 .text.init_ack_timer
                0x0000344a       0x26 src/Peer2Peer.o
                0x0000344a                init_ack_timer
 .text.main     0x00003470      0x286 src/Peer2Peer.o
                0x00003470                main
 .text.libgcc.mul
                0x000036f6       0x1e c:/program files (x86)/atmel/studio/7.0/toolchain/avr8/avr8-gnu-toolchain/bin/../lib/gcc/avr/5.4.0/avr6\libgcc.a(_mulsi3.o)
                0x000036f6                __mulsi3
 .text.libgcc.div
                0x00003714       0x28 c:/program files (x86)/atmel/studio/7.0/toolchain/avr8/avr8-gnu-toolchain/bin/../lib/gcc/avr/5.4.0/avr6\libgcc.a(_udivmodhi4.o)
                0x00003714                __udivmodhi4
 .text.libgcc.div
                0x0000373c       0x44 c:/program files (x86)/atmel/studio/7.0/toolchain/avr8/avr8-gnu-toolchain/bin/../lib/gcc/avr/5.4.0/avr6\libgcc.a(_udivmodsi4.o)
                0x0000373c                __udivmodsi4
 .text.libgcc   0x00003780       0x10 c:/program files (x86)/atmel/studio/7.0/toolchain/avr8/avr8-gnu-toolchain/bin/../lib/gcc/avr/5.4.0/avr6\libgcc.a(_tablejump2.o)
                0x00003780                __tablejump2__
 .text.libgcc.mul
                0x00003790       0x14 c:/program files (x86)/atmel/studio/7.0/toolchain/avr8/avr8-gnu-toolchain/bin/../lib/gcc/avr/5.4.0/avr6\libgcc.a(_muluhisi3.o)
                0x00003790                __muluhisi3
 .text.libgcc.mul
                0x000037a4       0x1e c:/program files (x86)/atmel/studio/7.0/toolchain/avr8/avr8-gnu-toolchain/bin/../lib/gcc/avr/5.4.0/avr6\libgcc.a(_umulhisi3.o)
                0x000037a4                __umulhisi3
 .text.avr-libc
                0x000037c2       0xaa c:/program files (x86)/atmel/studio/7.0/toolchain/avr8/avr8-gnu-toolchain/bin/../lib/gcc/avr/5.4.0/../../../../avr/lib/avr6\libc.a(rand.o)
                0x0000384e                rand_r
                0x00003850                rand
                0x00003856                srand
 .text.avr-libc
                0x0000386c       0x12 c:/program files (x86)/atmel/studio/7.0/toolchain/avr8/avr8-gnu-toolchain/bin/../lib/gcc/avr/5.4.0/../../../../avr/lib/avr6\libc.a(memcpy.o)
                0x0000386c                memcpy
 .text.avr-libc
                0x0000387e       0x94 c:/program files (x86)/atmel/studio/7.0/toolchain/avr8/avr8-gnu-toolchain/bin/../lib/gcc/avr/5.4.0/../../../../avr/lib/avr6\libc.a(fdevopen.o)
                0x0000387e                fdevopen
 .text.avr-libc
                0x00003912       0x26 c:/program files (x86)/atmel/studio/7.0/toolchain/avr8/avr8-gnu-toolchain/bin/../lib/gcc/avr/5.4.0/../../../../avr/lib/avr6\libc.a(printf.o)
                0x00003912                printf
 .text.avr-libc
                0x00003938       0x5c c:/program files (x86)/atmel/studio/7.0/toolchain/avr8/avr8-gnu-toolchain/bin/../lib/gcc/avr/5.4.0/../../../../avr/lib/avr6\libc.a(sprintf.o)
                0x00003938                sprintf
 .text.avr-libc
                0x00003994      0x3fa c:/program files (x86)/atmel/studio/7.0/toolchain/avr8/avr8-gnu-toolchain/bin/../lib/gcc/avr/5.4.0/../../../../avr/lib/avr6\libc.a(vfprintf_std.o)
                0x00003994                vfprintf
 .text.avr-libc
                0x00003d8e       0x34 c:/program files (x86)/atmel/studio/7.0/toolchain/avr8/avr8-gnu-toolchain/bin/../lib/gcc/avr/5.4.0/../../../../avr/lib/avr6\libc.a(calloc.o)
                0x00003d8e                calloc
 .text.avr-libc
                0x00003dc2      0x242 c:/program files (x86)/atmel/studio/7.0/toolchain/avr8/avr8-gnu-toolchain/bin/../lib/gcc/avr/5.4.0/../../../../avr/lib/avr6\libc.a(malloc.o)
                0x00003dc2                malloc
                0x00003ef2                free
 .text.avr-libc
                0x00004004       0x16 c:/program files (x86)/atmel/studio/7.0/toolchain/avr8/avr8-gnu-toolchain/bin/../lib/gcc/avr/5.4.0/../../../../avr/lib/avr6\libc.a(strnlen_P.o)
                0x00004004                strnlen_P
 .text.avr-libc
                0x0000401a        0xe c:/program files (x86)/atmel/studio/7.0/toolchain/avr8/avr8-gnu-toolchain/bin/../lib/gcc/avr/5.4.0/../../../../avr/lib/avr6\libc.a(memset.o)
                0x0000401a                memset
 .text.avr-libc
                0x00004028       0x16 c:/program files (x86)/atmel/studio/7.0/toolchain/avr8/avr8-gnu-toolchain/bin/../lib/gcc/avr/5.4.0/../../../../avr/lib/avr6\libc.a(strnlen.o)
                0x00004028                strnlen
 .text.avr-libc
                0x0000403e       0x78 c:/program files (x86)/atmel/studio/7.0/toolchain/avr8/avr8-gnu-toolchain/bin/../lib/gcc/avr/5.4.0/../../../../avr/lib/avr6\libc.a(fputc.o)
                0x0000403e                fputc
 .text.avr-libc
                0x000040b6       0xbc c:/program files (x86)/atmel/studio/7.0/toolchain/avr8/avr8-gnu-toolchain/bin/../lib/gcc/avr/5.4.0/../../../../avr/lib/avr6\libc.a(ultoa_invert.o)
                0x000040b6                __ultoa_invert
 .text.libgcc.div
                0x00004172       0x28 c:/program files (x86)/atmel/studio/7.0/toolchain/avr8/avr8-gnu-toolchain/bin/../lib/gcc/avr/5.4.0/avr6\libgcc.a(_divmodsi4.o)
                0x00004172                __divmodsi4
 .text.libgcc.div
                0x0000419a       0x10 c:/program files (x86)/atmel/studio/7.0/toolchain/avr8/avr8-gnu-toolchain/bin/../lib/gcc/avr/5.4.0/avr6\libgcc.a(_negsi2.o)
                0x0000419a                __negsi2
 .text.libgcc.mul
                0x000041aa        0xc c:/program files (x86)/atmel/studio/7.0/toolchain/avr8/avr8-gnu-toolchain/bin/../lib/gcc/avr/5.4.0/avr6\libgcc.a(_mulshisi3.o)
                0x000041aa                __mulshisi3
                0x000041ae                __mulohisi3
                0x000041b6                . = ALIGN (0x2)
 *(.fini9)
 .fini9         0x000041b6        0x0 c:/program files (x86)/atmel/studio/7.0/toolchain/avr8/avr8-gnu-toolchain/bin/../lib/gcc/avr/5.4.0/avr6\libgcc.a(_exit.o)
                0x000041b6                _exit
                0x000041b6                exit
 *(.fini9)
 *(.fini8)
 *(.fini8)
 *(.fini7)
 *(.fini7)
 *(.fini6)
 *(.fini6)
 *(.fini5)
 *(.fini5)
 *(.fini4)
 *(.fini4)
 *(.fini3)
 *(.fini3)
 *(.fini2)
 *(.fini2)
 *(.fini1)
 *(.fini1)
 *(.fini0)
 .fini0         0x000041b6        0x4 c:/program files (x86)/atmel/studio/7.0/toolchain/avr8/avr8-gnu-toolchain/bin/../lib/gcc/avr/5.4.0/avr6\libgcc.a(_exit.o)
 *(.fini0)
                0x000041ba                _etext = .

.data           0x00800200      0x2bc load address 0x000041ba
                0x00800200                PROVIDE (__data_start, .)
 *(.data)
 .data          0x00800200        0x4 c:/program files (x86)/atmel/studio/7.0/toolchain/avr8/avr8-gnu-toolchain/bin/../lib/gcc/avr/5.4.0/../../../../avr/lib/avr6\libc.a(rand.o)
 .data          0x00800204        0x6 c:/program files (x86)/atmel/studio/7.0/toolchain/avr8/avr8-gnu-toolchain/bin/../lib/gcc/avr/5.4.0/../../../../avr/lib/avr6\libc.a(malloc.o)
                0x00800204                __malloc_heap_end
                0x00800206                __malloc_heap_start
                0x00800208                __malloc_margin
 *(.data*)
 .data.usart_serial_options
                0x0080020a        0x7 src/ASF/thirdparty/wireless/addons/sio2host/uart/sio2host.o
 .data.last_dir
                0x00800211        0x1 src/ASF/thirdparty/wireless/services/sal/atmegarf_sal/src/sal.o
 .data.dst_addr
                0x00800212        0x2 src/Peer2Peer.o
                0x00800212                dst_addr
 *(.gnu.linkonce.d*)
 *(.rodata)
 *(.rodata*)
 .rodata.conf_data
                0x00800214        0x1 src/temperature.o
                0x00800214                conf_data
 .rodata.str1.1
                0x00800215      0x2a7 src/Peer2Peer.o
 *(.gnu.linkonce.r*)
                0x008004bc                . = ALIGN (0x2)
                0x008004bc                _edata = .
                0x008004bc                PROVIDE (__data_end, .)

.bss            0x008004bc      0x9da
                0x008004bc                PROVIDE (__bss_start, .)
 *(.bss)
 .bss           0x008004bc        0xb ../src/ASF/thirdparty/wireless/services/common_hw_timer/mega/lib\libmegarfr2_lib_hw_timer.a(common_hw_timer.o)
 *(.bss*)
 .bss.twi_mode  0x008004c7        0x1 src/ASF/mega/drivers/twi/twi_megarf.o
 .bss.twi_master_busy
                0x008004c8        0x1 src/ASF/mega/drivers/twi/twi_megarf.o
 .bss.slave_transfer
                0x008004c9        0x7 src/ASF/mega/drivers/twi/twi_megarf.o
 .bss.master_transfer
                0x008004d0        0x8 src/ASF/mega/drivers/twi/twi_megarf.o
 .bss.serial_rx_count
                0x008004d8        0x1 src/ASF/thirdparty/wireless/addons/sio2host/uart/sio2host.o
 .bss.serial_rx_buf_tail
                0x008004d9        0x1 src/ASF/thirdparty/wireless/addons/sio2host/uart/sio2host.o
 .bss.serial_rx_buf_head
                0x008004da        0x1 src/ASF/thirdparty/wireless/addons/sio2host/uart/sio2host.o
 .bss.serial_rx_buf
                0x008004db       0x9c src/ASF/thirdparty/wireless/addons/sio2host/uart/sio2host.o
 .bss.nwkDataReqQueue
                0x00800577        0x2 src/ASF/thirdparty/wireless/avr2130_lwmesh/source/nwk/src/nwkDataReq.o
 .bss.nwkFrameFrames
                0x00800579      0x19b src/ASF/thirdparty/wireless/avr2130_lwmesh/source/nwk/src/nwkFrame.o
 .bss.nwkRouteTable
                0x00800714      0x2bc src/ASF/thirdparty/wireless/avr2130_lwmesh/source/nwk/src/nwkRoute.o
 .bss.nwkRxDuplicateRejectionTimer
                0x008009d0        0xd src/ASF/thirdparty/wireless/avr2130_lwmesh/source/nwk/src/nwkRx.o
 .bss.nwkRxAckControl
                0x008009dd        0x1 src/ASF/thirdparty/wireless/avr2130_lwmesh/source/nwk/src/nwkRx.o
 .bss.nwkRxDuplicateRejectionTable
                0x008009de       0x32 src/ASF/thirdparty/wireless/avr2130_lwmesh/source/nwk/src/nwkRx.o
 .bss.nwkSecurityVector
                0x00800a10       0x10 src/ASF/thirdparty/wireless/avr2130_lwmesh/source/nwk/src/nwkSecurity.o
 .bss.nwkSecurityEncrypt
                0x00800a20        0x1 src/ASF/thirdparty/wireless/avr2130_lwmesh/source/nwk/src/nwkSecurity.o
 .bss.nwkSecurityOffset
                0x00800a21        0x1 src/ASF/thirdparty/wireless/avr2130_lwmesh/source/nwk/src/nwkSecurity.o
 .bss.nwkSecuritySize
                0x00800a22        0x1 src/ASF/thirdparty/wireless/avr2130_lwmesh/source/nwk/src/nwkSecurity.o
 .bss.nwkSecurityActiveFrame
                0x00800a23        0x2 src/ASF/thirdparty/wireless/avr2130_lwmesh/source/nwk/src/nwkSecurity.o
 .bss.nwkSecurityActiveFrames
                0x00800a25        0x1 src/ASF/thirdparty/wireless/avr2130_lwmesh/source/nwk/src/nwkSecurity.o
 .bss.nwkTxDelayTimer
                0x00800a26        0xd src/ASF/thirdparty/wireless/avr2130_lwmesh/source/nwk/src/nwkTx.o
 .bss.nwkTxAckWaitTimer
                0x00800a33        0xd src/ASF/thirdparty/wireless/avr2130_lwmesh/source/nwk/src/nwkTx.o
 .bss.nwkTxPhyActiveFrame
                0x00800a40        0x2 src/ASF/thirdparty/wireless/avr2130_lwmesh/source/nwk/src/nwkTx.o
 .bss.phyBand   0x00800a42        0x1 src/ASF/thirdparty/wireless/avr2130_lwmesh/source/phy/atmegarfr2/src/phy.o
 .bss.phyChannel
                0x00800a43        0x1 src/ASF/thirdparty/wireless/avr2130_lwmesh/source/phy/atmegarfr2/src/phy.o
 .bss.phyRxState
                0x00800a44        0x1 src/ASF/thirdparty/wireless/avr2130_lwmesh/source/phy/atmegarfr2/src/phy.o
 .bss.phyRxBuffer
                0x00800a45       0x80 src/ASF/thirdparty/wireless/avr2130_lwmesh/source/phy/atmegarfr2/src/phy.o
 .bss.phyState  0x00800ac5        0x1 src/ASF/thirdparty/wireless/avr2130_lwmesh/source/phy/atmegarfr2/src/phy.o
 .bss.timers    0x00800ac6        0x2 src/ASF/thirdparty/wireless/avr2130_lwmesh/source/sys/src/sysTimer.o
 .bss.tc_tccr5_compc_callback
                0x00800ac8        0x2 src/ASF/thirdparty/wireless/services/mega/drivers/tc/tc_megarf.o
 .bss.tc_tccr5_compb_callback
                0x00800aca        0x2 src/ASF/thirdparty/wireless/services/mega/drivers/tc/tc_megarf.o
 .bss.tc_tccr5_compa_callback
                0x00800acc        0x2 src/ASF/thirdparty/wireless/services/mega/drivers/tc/tc_megarf.o
 .bss.tc_tccr5_ovf_callback
                0x00800ace        0x2 src/ASF/thirdparty/wireless/services/mega/drivers/tc/tc_megarf.o
 .bss.tc_tccr4_compc_callback
                0x00800ad0        0x2 src/ASF/thirdparty/wireless/services/mega/drivers/tc/tc_megarf.o
 .bss.tc_tccr4_compb_callback
                0x00800ad2        0x2 src/ASF/thirdparty/wireless/services/mega/drivers/tc/tc_megarf.o
 .bss.tc_tccr4_compa_callback
                0x00800ad4        0x2 src/ASF/thirdparty/wireless/services/mega/drivers/tc/tc_megarf.o
 .bss.tc_tccr4_ovf_callback
                0x00800ad6        0x2 src/ASF/thirdparty/wireless/services/mega/drivers/tc/tc_megarf.o
 .bss.tc_tccr3_compc_callback
                0x00800ad8        0x2 src/ASF/thirdparty/wireless/services/mega/drivers/tc/tc_megarf.o
 .bss.tc_tccr3_compb_callback
                0x00800ada        0x2 src/ASF/thirdparty/wireless/services/mega/drivers/tc/tc_megarf.o
 .bss.tc_tccr3_compa_callback
                0x00800adc        0x2 src/ASF/thirdparty/wireless/services/mega/drivers/tc/tc_megarf.o
 .bss.tc_tccr3_ovf_callback
                0x00800ade        0x2 src/ASF/thirdparty/wireless/services/mega/drivers/tc/tc_megarf.o
 .bss.tc_tccr1_compc_callback
                0x00800ae0        0x2 src/ASF/thirdparty/wireless/services/mega/drivers/tc/tc_megarf.o
 .bss.tc_tccr1_compb_callback
                0x00800ae2        0x2 src/ASF/thirdparty/wireless/services/mega/drivers/tc/tc_megarf.o
 .bss.tc_tccr1_compa_callback
                0x00800ae4        0x2 src/ASF/thirdparty/wireless/services/mega/drivers/tc/tc_megarf.o
 .bss.tc_tccr1_ovf_callback
                0x00800ae6        0x2 src/ASF/thirdparty/wireless/services/mega/drivers/tc/tc_megarf.o
 .bss.dec_key   0x00800ae8       0x10 src/ASF/thirdparty/wireless/services/sal/atmegarf_sal/src/sal.o
 .bss.enc_key   0x00800af8       0x10 src/ASF/thirdparty/wireless/services/sal/atmegarf_sal/src/sal.o
 .bss.mode_byte
                0x00800b08        0x1 src/ASF/thirdparty/wireless/services/sal/atmegarf_sal/src/sal.o
 .bss.dec_initialized
                0x00800b09        0x1 src/ASF/thirdparty/wireless/services/sal/atmegarf_sal/src/sal.o
 .bss.sio_rx_length
                0x00800b0a        0x1 src/Peer2Peer.o
 .bss.appUartBufferPtr
                0x00800b0b        0x1 src/Peer2Peer.o
 .bss.appUartBuffer
                0x00800b0c       0x69 src/Peer2Peer.o
 .bss.appDataReqBuffer
                0x00800b75       0x69 src/Peer2Peer.o
 .bss.appDataReqBusy
                0x00800bde        0x1 src/Peer2Peer.o
 .bss.appDataReq
                0x00800bdf       0x11 src/Peer2Peer.o
 .bss.appTimer  0x00800bf0        0xd src/Peer2Peer.o
 .bss.appState  0x00800bfd        0x1 src/Peer2Peer.o
 .bss.rx_data   0x00800bfe       0x14 src/Peer2Peer.o
 .bss.waiting_ack
                0x00800c12        0x1 src/Peer2Peer.o
                0x00800c12                waiting_ack
 .bss.ack_timer
                0x00800c13        0xd src/Peer2Peer.o
 .bss.flag_muestreo
                0x00800c20        0x1 src/Peer2Peer.o
                0x00800c20                flag_muestreo
 .bss.temp_timer
                0x00800c21        0xd src/Peer2Peer.o
 .bss.alarm_flag
                0x00800c2e        0x1 src/Peer2Peer.o
                0x00800c2e                alarm_flag
 .bss.alarm_timer
                0x00800c2f        0xd src/Peer2Peer.o
 .bss.transmision_data
                0x00800c3c        0x1 src/Peer2Peer.o
                0x00800c3c                transmision_data
 .bss.x         0x00800c3d        0x1 src/Peer2Peer.o
                0x00800c3d                x
 *(COMMON)
 COMMON         0x00800c3e      0x20e src/temperature.o
                0x00800c3e                parteEntera
                0x00800c40                temperatura_procesador
                0x00800c42                pData
                0x00800c44                msg
                0x00800d44                msg2
                0x00800e44                temp_ctx
                0x00800e46                parteDecimal
                0x00800e48                grados_Celsius
 COMMON         0x00800e4c        0x2 src/ASF/common/utils/stdio/read.o
                0x00800e4c                ptr_get
 COMMON         0x00800e4e        0x4 src/ASF/common/utils/stdio/write.o
                0x00800e4e                ptr_put
                0x00800e50                stdio_base
 COMMON         0x00800e52       0x38 src/ASF/thirdparty/wireless/avr2130_lwmesh/source/nwk/src/nwk.o
                0x00800e52                nwkIb
 COMMON         0x00800e8a        0x1 src/ASF/thirdparty/wireless/avr2130_lwmesh/source/sys/src/sysTimer.o
                0x00800e8a                SysTimerIrqCount
 COMMON         0x00800e8b        0x1 ../src/ASF/thirdparty/wireless/services/common_hw_timer/mega/lib\libmegarfr2_lib_hw_timer.a(common_hw_timer.o)
                0x00800e8b                timer_multiplier
 COMMON         0x00800e8c        0x6 c:/program files (x86)/atmel/studio/7.0/toolchain/avr8/avr8-gnu-toolchain/bin/../lib/gcc/avr/5.4.0/../../../../avr/lib/avr6\libc.a(iob.o)
                0x00800e8c                __iob
 COMMON         0x00800e92        0x4 c:/program files (x86)/atmel/studio/7.0/toolchain/avr8/avr8-gnu-toolchain/bin/../lib/gcc/avr/5.4.0/../../../../avr/lib/avr6\libc.a(malloc.o)
                0x00800e92                __brkval
                0x00800e94                __flp
                0x00800e96                PROVIDE (__bss_end, .)
                0x000041ba                __data_load_start = LOADADDR (.data)
                0x00004476                __data_load_end = (__data_load_start + SIZEOF (.data))

.noinit         0x00800e96        0x0
                [!provide]                PROVIDE (__noinit_start, .)
 *(.noinit*)
                [!provide]                PROVIDE (__noinit_end, .)
                0x00800e96                _end = .
                0x00800e96                PROVIDE (__heap_start, .)

.eeprom         0x00810000        0x0
 *(.eeprom*)
                0x00810000                __eeprom_end = .

.fuse
 *(.fuse)
 *(.lfuse)
 *(.hfuse)
 *(.efuse)

.lock
 *(.lock*)

.signature
 *(.signature*)

.user_signatures
 *(.user_signatures*)

.stab
 *(.stab)

.stabstr
 *(.stabstr)

.stab.excl
 *(.stab.excl)

.stab.exclstr
 *(.stab.exclstr)

.stab.index
 *(.stab.index)

.stab.indexstr
 *(.stab.indexstr)

.comment        0x00000000       0x5c
 *(.comment)
 .comment       0x00000000       0x30 src/ASF/mega/drivers/twi/twi_megarf.o
                                 0x31 (size before relaxing)
 .comment       0x00000030       0x31 src/temperature.o
 .comment       0x00000030       0x31 src/ASF/common/services/clock/mega/sysclk.o
 .comment       0x00000030       0x31 src/ASF/common/services/serial/usart_serial.o
 .comment       0x00000030       0x31 src/ASF/common/utils/stdio/read.o
 .comment       0x00000030       0x31 src/ASF/common/utils/stdio/write.o
 .comment       0x00000030       0x31 src/ASF/mega/boards/atmega256rfr2_xplained_pro/init.o
 .comment       0x00000030       0x31 src/ASF/mega/drivers/usart/usart_megarf.o
 .comment       0x00000030       0x31 src/ASF/thirdparty/wireless/addons/sio2host/uart/sio2host.o
 .comment       0x00000030       0x31 src/ASF/thirdparty/wireless/avr2130_lwmesh/source/nwk/src/nwk.o
 .comment       0x00000030       0x31 src/ASF/thirdparty/wireless/avr2130_lwmesh/source/nwk/src/nwkDataReq.o
 .comment       0x00000030       0x31 src/ASF/thirdparty/wireless/avr2130_lwmesh/source/nwk/src/nwkFrame.o
 .comment       0x00000030       0x31 src/ASF/thirdparty/wireless/avr2130_lwmesh/source/nwk/src/nwkRoute.o
 .comment       0x00000030       0x31 src/ASF/thirdparty/wireless/avr2130_lwmesh/source/nwk/src/nwkRx.o
 .comment       0x00000030       0x31 src/ASF/thirdparty/wireless/avr2130_lwmesh/source/nwk/src/nwkSecurity.o
 .comment       0x00000030       0x31 src/ASF/thirdparty/wireless/avr2130_lwmesh/source/nwk/src/nwkTx.o
 .comment       0x00000030       0x31 src/ASF/thirdparty/wireless/avr2130_lwmesh/source/phy/atmegarfr2/src/phy.o
 .comment       0x00000030       0x31 src/ASF/thirdparty/wireless/avr2130_lwmesh/source/sys/src/sys.o
 .comment       0x00000030       0x31 src/ASF/thirdparty/wireless/avr2130_lwmesh/source/sys/src/sysEncrypt.o
 .comment       0x00000030       0x31 src/ASF/thirdparty/wireless/avr2130_lwmesh/source/sys/src/sysTimer.o
 .comment       0x00000030       0x31 src/ASF/thirdparty/wireless/services/common_hw_timer/mega/hw_timer.o
 .comment       0x00000030       0x31 src/ASF/thirdparty/wireless/services/mega/drivers/tc/tc_megarf.o
 .comment       0x00000030       0x31 src/ASF/thirdparty/wireless/services/sal/atmegarf_sal/src/sal.o
 .comment       0x00000030       0x31 src/Peer2Peer.o
 .comment       0x00000030       0x31 c:/program files (x86)/atmel/studio/7.0/toolchain/avr8/avr8-gnu-toolchain/bin/../lib/gcc/avr/5.4.0/../../../../avr/lib/avr6\libc.a(rand.o)
 .comment       0x00000030       0x31 c:/program files (x86)/atmel/studio/7.0/toolchain/avr8/avr8-gnu-toolchain/bin/../lib/gcc/avr/5.4.0/../../../../avr/lib/avr6\libc.a(fdevopen.o)
 .comment       0x00000030       0x31 c:/program files (x86)/atmel/studio/7.0/toolchain/avr8/avr8-gnu-toolchain/bin/../lib/gcc/avr/5.4.0/../../../../avr/lib/avr6\libc.a(iob.o)
 .comment       0x00000030       0x31 c:/program files (x86)/atmel/studio/7.0/toolchain/avr8/avr8-gnu-toolchain/bin/../lib/gcc/avr/5.4.0/../../../../avr/lib/avr6\libc.a(printf.o)
 .comment       0x00000030       0x31 c:/program files (x86)/atmel/studio/7.0/toolchain/avr8/avr8-gnu-toolchain/bin/../lib/gcc/avr/5.4.0/../../../../avr/lib/avr6\libc.a(sprintf.o)
 .comment       0x00000030       0x2c c:/program files (x86)/atmel/studio/7.0/toolchain/avr8/avr8-gnu-toolchain/bin/../lib/gcc/avr/5.4.0/../../../../avr/lib/avr6\libc.a(vfprintf_std.o)
                                 0x2d (size before relaxing)
 .comment       0x0000005c       0x31 c:/program files (x86)/atmel/studio/7.0/toolchain/avr8/avr8-gnu-toolchain/bin/../lib/gcc/avr/5.4.0/../../../../avr/lib/avr6\libc.a(calloc.o)
 .comment       0x0000005c       0x31 c:/program files (x86)/atmel/studio/7.0/toolchain/avr8/avr8-gnu-toolchain/bin/../lib/gcc/avr/5.4.0/../../../../avr/lib/avr6\libc.a(malloc.o)
 .comment       0x0000005c       0x31 c:/program files (x86)/atmel/studio/7.0/toolchain/avr8/avr8-gnu-toolchain/bin/../lib/gcc/avr/5.4.0/../../../../avr/lib/avr6\libc.a(fputc.o)

.note.gnu.avr.deviceinfo
                0x00000000       0x40
 .note.gnu.avr.deviceinfo
                0x00000000       0x40 C:/Program Files (x86)/Atmel/Studio/7.0/Packs/atmel/ATmega_DFP/1.6.364/gcc/dev/atmega256rfr2/avr6/crtatmega256rfr2.o

.note.gnu.build-id
 *(.note.gnu.build-id)

.debug
 *(.debug)

.line
 *(.line)

.debug_srcinfo
 *(.debug_srcinfo)

.debug_sfnames
 *(.debug_sfnames)

.debug_aranges  0x00000000      0x7e0
 *(.debug_aranges)
 .debug_aranges
                0x00000000       0x70 src/ASF/mega/drivers/twi/twi_megarf.o
 .debug_aranges
                0x00000070       0x38 src/temperature.o
 .debug_aranges
                0x000000a8       0x30 src/ASF/common/services/clock/mega/sysclk.o
 .debug_aranges
                0x000000d8       0x28 src/ASF/common/services/serial/usart_serial.o
 .debug_aranges
                0x00000100       0x20 src/ASF/common/utils/stdio/read.o
 .debug_aranges
                0x00000120       0x20 src/ASF/common/utils/stdio/write.o
 .debug_aranges
                0x00000140       0x20 src/ASF/mega/boards/atmega256rfr2_xplained_pro/init.o
 .debug_aranges
                0x00000160       0x50 src/ASF/mega/drivers/usart/usart_megarf.o
 .debug_aranges
                0x000001b0       0x78 src/ASF/thirdparty/wireless/addons/sio2host/uart/sio2host.o
 .debug_aranges
                0x00000228       0x70 src/ASF/thirdparty/wireless/avr2130_lwmesh/source/nwk/src/nwk.o
 .debug_aranges
                0x00000298       0x38 src/ASF/thirdparty/wireless/avr2130_lwmesh/source/nwk/src/nwkDataReq.o
 .debug_aranges
                0x000002d0       0x40 src/ASF/thirdparty/wireless/avr2130_lwmesh/source/nwk/src/nwkFrame.o
 .debug_aranges
                0x00000310       0x80 src/ASF/thirdparty/wireless/avr2130_lwmesh/source/nwk/src/nwkRoute.o
 .debug_aranges
                0x00000390       0x50 src/ASF/thirdparty/wireless/avr2130_lwmesh/source/nwk/src/nwkRx.o
 .debug_aranges
                0x000003e0       0x40 src/ASF/thirdparty/wireless/avr2130_lwmesh/source/nwk/src/nwkSecurity.o
 .debug_aranges
                0x00000420       0x68 src/ASF/thirdparty/wireless/avr2130_lwmesh/source/nwk/src/nwkTx.o
 .debug_aranges
                0x00000488       0xb0 src/ASF/thirdparty/wireless/avr2130_lwmesh/source/phy/atmegarfr2/src/phy.o
 .debug_aranges
                0x00000538       0x28 src/ASF/thirdparty/wireless/avr2130_lwmesh/source/sys/src/sys.o
 .debug_aranges
                0x00000560       0x20 src/ASF/thirdparty/wireless/avr2130_lwmesh/source/sys/src/sysEncrypt.o
 .debug_aranges
                0x00000580       0x50 src/ASF/thirdparty/wireless/avr2130_lwmesh/source/sys/src/sysTimer.o
 .debug_aranges
                0x000005d0       0x70 src/ASF/thirdparty/wireless/services/common_hw_timer/mega/hw_timer.o
 .debug_aranges
                0x00000640       0xc8 src/ASF/thirdparty/wireless/services/mega/drivers/tc/tc_megarf.o
 .debug_aranges
                0x00000708       0x48 src/ASF/thirdparty/wireless/services/sal/atmegarf_sal/src/sal.o
 .debug_aranges
                0x00000750       0x70 src/Peer2Peer.o
 .debug_aranges
                0x000007c0       0x20 ../src/ASF/thirdparty/wireless/services/common_hw_timer/mega/lib\libmegarfr2_lib_hw_timer.a(common_hw_timer.o)

.debug_pubnames
 *(.debug_pubnames)

.debug_info     0x00000000     0xaed5
 *(.debug_info .gnu.linkonce.wi.*)
 .debug_info    0x00000000     0x13e6 C:/Program Files (x86)/Atmel/Studio/7.0/Packs/atmel/ATmega_DFP/1.6.364/gcc/dev/atmega256rfr2/avr6/crtatmega256rfr2.o
 .debug_info    0x000013e6      0xaa6 src/ASF/mega/drivers/twi/twi_megarf.o
 .debug_info    0x00001e8c      0x44e src/temperature.o
 .debug_info    0x000022da      0x2b5 src/ASF/common/services/clock/mega/sysclk.o
 .debug_info    0x0000258f      0x39e src/ASF/common/services/serial/usart_serial.o
 .debug_info    0x0000292d      0x104 src/ASF/common/utils/stdio/read.o
 .debug_info    0x00002a31      0x104 src/ASF/common/utils/stdio/write.o
 .debug_info    0x00002b35      0x282 src/ASF/mega/boards/atmega256rfr2_xplained_pro/init.o
 .debug_info    0x00002db7      0xb97 src/ASF/mega/drivers/usart/usart_megarf.o
 .debug_info    0x0000394e      0x823 src/ASF/thirdparty/wireless/addons/sio2host/uart/sio2host.o
 .debug_info    0x00004171      0x527 src/ASF/thirdparty/wireless/avr2130_lwmesh/source/nwk/src/nwk.o
 .debug_info    0x00004698      0x7b2 src/ASF/thirdparty/wireless/avr2130_lwmesh/source/nwk/src/nwkDataReq.o
 .debug_info    0x00004e4a      0x59f src/ASF/thirdparty/wireless/avr2130_lwmesh/source/nwk/src/nwkFrame.o
 .debug_info    0x000053e9      0xb7f src/ASF/thirdparty/wireless/avr2130_lwmesh/source/nwk/src/nwkRoute.o
 .debug_info    0x00005f68      0xcbc src/ASF/thirdparty/wireless/avr2130_lwmesh/source/nwk/src/nwkRx.o
 .debug_info    0x00006c24      0x72e src/ASF/thirdparty/wireless/avr2130_lwmesh/source/nwk/src/nwkSecurity.o
 .debug_info    0x00007352      0xaa0 src/ASF/thirdparty/wireless/avr2130_lwmesh/source/nwk/src/nwkTx.o
 .debug_info    0x00007df2      0xaaa src/ASF/thirdparty/wireless/avr2130_lwmesh/source/phy/atmegarfr2/src/phy.o
 .debug_info    0x0000889c      0x233 src/ASF/thirdparty/wireless/avr2130_lwmesh/source/sys/src/sys.o
 .debug_info    0x00008acf      0x104 src/ASF/thirdparty/wireless/avr2130_lwmesh/source/sys/src/sysEncrypt.o
 .debug_info    0x00008bd3      0x459 src/ASF/thirdparty/wireless/avr2130_lwmesh/source/sys/src/sysTimer.o
 .debug_info    0x0000902c      0x734 src/ASF/thirdparty/wireless/services/common_hw_timer/mega/hw_timer.o
 .debug_info    0x00009760      0x854 src/ASF/thirdparty/wireless/services/mega/drivers/tc/tc_megarf.o
 .debug_info    0x00009fb4      0x24b src/ASF/thirdparty/wireless/services/sal/atmegarf_sal/src/sal.o
 .debug_info    0x0000a1ff      0xa5a src/Peer2Peer.o
 .debug_info    0x0000ac59      0x27c ../src/ASF/thirdparty/wireless/services/common_hw_timer/mega/lib\libmegarfr2_lib_hw_timer.a(common_hw_timer.o)

.debug_abbrev   0x00000000     0x4624
 *(.debug_abbrev)
 .debug_abbrev  0x00000000     0x12d6 C:/Program Files (x86)/Atmel/Studio/7.0/Packs/atmel/ATmega_DFP/1.6.364/gcc/dev/atmega256rfr2/avr6/crtatmega256rfr2.o
 .debug_abbrev  0x000012d6      0x2cd src/ASF/mega/drivers/twi/twi_megarf.o
 .debug_abbrev  0x000015a3      0x1c2 src/temperature.o
 .debug_abbrev  0x00001765      0x1a6 src/ASF/common/services/clock/mega/sysclk.o
 .debug_abbrev  0x0000190b      0x17d src/ASF/common/services/serial/usart_serial.o
 .debug_abbrev  0x00001a88       0xc5 src/ASF/common/utils/stdio/read.o
 .debug_abbrev  0x00001b4d       0xa7 src/ASF/common/utils/stdio/write.o
 .debug_abbrev  0x00001bf4      0x149 src/ASF/mega/boards/atmega256rfr2_xplained_pro/init.o
 .debug_abbrev  0x00001d3d      0x345 src/ASF/mega/drivers/usart/usart_megarf.o
 .debug_abbrev  0x00002082      0x301 src/ASF/thirdparty/wireless/addons/sio2host/uart/sio2host.o
 .debug_abbrev  0x00002383      0x1b8 src/ASF/thirdparty/wireless/avr2130_lwmesh/source/nwk/src/nwk.o
 .debug_abbrev  0x0000253b      0x282 src/ASF/thirdparty/wireless/avr2130_lwmesh/source/nwk/src/nwkDataReq.o
 .debug_abbrev  0x000027bd      0x186 src/ASF/thirdparty/wireless/avr2130_lwmesh/source/nwk/src/nwkFrame.o
 .debug_abbrev  0x00002943      0x335 src/ASF/thirdparty/wireless/avr2130_lwmesh/source/nwk/src/nwkRoute.o
 .debug_abbrev  0x00002c78      0x38d src/ASF/thirdparty/wireless/avr2130_lwmesh/source/nwk/src/nwkRx.o
 .debug_abbrev  0x00003005      0x276 src/ASF/thirdparty/wireless/avr2130_lwmesh/source/nwk/src/nwkSecurity.o
 .debug_abbrev  0x0000327b      0x338 src/ASF/thirdparty/wireless/avr2130_lwmesh/source/nwk/src/nwkTx.o
 .debug_abbrev  0x000035b3      0x319 src/ASF/thirdparty/wireless/avr2130_lwmesh/source/phy/atmegarfr2/src/phy.o
 .debug_abbrev  0x000038cc       0xdc src/ASF/thirdparty/wireless/avr2130_lwmesh/source/sys/src/sys.o
 .debug_abbrev  0x000039a8       0xb3 src/ASF/thirdparty/wireless/avr2130_lwmesh/source/sys/src/sysEncrypt.o
 .debug_abbrev  0x00003a5b      0x211 src/ASF/thirdparty/wireless/avr2130_lwmesh/source/sys/src/sysTimer.o
 .debug_abbrev  0x00003c6c      0x21b src/ASF/thirdparty/wireless/services/common_hw_timer/mega/hw_timer.o
 .debug_abbrev  0x00003e87      0x1d3 src/ASF/thirdparty/wireless/services/mega/drivers/tc/tc_megarf.o
 .debug_abbrev  0x0000405a      0x146 src/ASF/thirdparty/wireless/services/sal/atmegarf_sal/src/sal.o
 .debug_abbrev  0x000041a0      0x36d src/Peer2Peer.o
 .debug_abbrev  0x0000450d      0x117 ../src/ASF/thirdparty/wireless/services/common_hw_timer/mega/lib\libmegarfr2_lib_hw_timer.a(common_hw_timer.o)

.debug_line     0x00000000     0xa73b
 *(.debug_line .debug_line.* .debug_line_end)
 .debug_line    0x00000000      0x272 C:/Program Files (x86)/Atmel/Studio/7.0/Packs/atmel/ATmega_DFP/1.6.364/gcc/dev/atmega256rfr2/avr6/crtatmega256rfr2.o
 .debug_line    0x00000272      0x835 src/ASF/mega/drivers/twi/twi_megarf.o
 .debug_line    0x00000aa7      0x5f8 src/temperature.o
 .debug_line    0x0000109f      0x58b src/ASF/common/services/clock/mega/sysclk.o
 .debug_line    0x0000162a      0x5e2 src/ASF/common/services/serial/usart_serial.o
 .debug_line    0x00001c0c      0x32e src/ASF/common/utils/stdio/read.o
 .debug_line    0x00001f3a      0x335 src/ASF/common/utils/stdio/write.o
 .debug_line    0x0000226f      0x479 src/ASF/mega/boards/atmega256rfr2_xplained_pro/init.o
 .debug_line    0x000026e8      0x7e2 src/ASF/mega/drivers/usart/usart_megarf.o
 .debug_line    0x00002eca      0x994 src/ASF/thirdparty/wireless/addons/sio2host/uart/sio2host.o
 .debug_line    0x0000385e      0x647 src/ASF/thirdparty/wireless/avr2130_lwmesh/source/nwk/src/nwk.o
 .debug_line    0x00003ea5      0x5b0 src/ASF/thirdparty/wireless/avr2130_lwmesh/source/nwk/src/nwkDataReq.o
 .debug_line    0x00004455      0x520 src/ASF/thirdparty/wireless/avr2130_lwmesh/source/nwk/src/nwkFrame.o
 .debug_line    0x00004975      0x80f src/ASF/thirdparty/wireless/avr2130_lwmesh/source/nwk/src/nwkRoute.o
 .debug_line    0x00005184      0x891 src/ASF/thirdparty/wireless/avr2130_lwmesh/source/nwk/src/nwkRx.o
 .debug_line    0x00005a15      0x611 src/ASF/thirdparty/wireless/avr2130_lwmesh/source/nwk/src/nwkSecurity.o
 .debug_line    0x00006026      0x865 src/ASF/thirdparty/wireless/avr2130_lwmesh/source/nwk/src/nwkTx.o
 .debug_line    0x0000688b      0xa7c src/ASF/thirdparty/wireless/avr2130_lwmesh/source/phy/atmegarfr2/src/phy.o
 .debug_line    0x00007307      0x92d src/ASF/thirdparty/wireless/avr2130_lwmesh/source/sys/src/sys.o
 .debug_line    0x00007c34      0x242 src/ASF/thirdparty/wireless/avr2130_lwmesh/source/sys/src/sysEncrypt.o
 .debug_line    0x00007e76      0x639 src/ASF/thirdparty/wireless/avr2130_lwmesh/source/sys/src/sysTimer.o
 .debug_line    0x000084af      0x71d src/ASF/thirdparty/wireless/services/common_hw_timer/mega/hw_timer.o
 .debug_line    0x00008bcc      0x9f7 src/ASF/thirdparty/wireless/services/mega/drivers/tc/tc_megarf.o
 .debug_line    0x000095c3      0x396 src/ASF/thirdparty/wireless/services/sal/atmegarf_sal/src/sal.o
 .debug_line    0x00009959      0xc9d src/Peer2Peer.o
 .debug_line    0x0000a5f6      0x145 ../src/ASF/thirdparty/wireless/services/common_hw_timer/mega/lib\libmegarfr2_lib_hw_timer.a(common_hw_timer.o)

.debug_frame    0x00000000     0x18bc
 *(.debug_frame)
 .debug_frame   0x00000000      0x10c src/ASF/mega/drivers/twi/twi_megarf.o
 .debug_frame   0x0000010c       0x90 src/temperature.o
 .debug_frame   0x0000019c       0x74 src/ASF/common/services/clock/mega/sysclk.o
 .debug_frame   0x00000210       0x74 src/ASF/common/services/serial/usart_serial.o
 .debug_frame   0x00000284       0x34 src/ASF/common/utils/stdio/read.o
 .debug_frame   0x000002b8       0x24 src/ASF/common/utils/stdio/write.o
 .debug_frame   0x000002dc       0x24 src/ASF/mega/boards/atmega256rfr2_xplained_pro/init.o
 .debug_frame   0x00000300      0x130 src/ASF/mega/drivers/usart/usart_megarf.o
 .debug_frame   0x00000430      0x1a0 src/ASF/thirdparty/wireless/addons/sio2host/uart/sio2host.o
 .debug_frame   0x000005d0       0xd4 src/ASF/thirdparty/wireless/avr2130_lwmesh/source/nwk/src/nwk.o
 .debug_frame   0x000006a4       0x68 src/ASF/thirdparty/wireless/avr2130_lwmesh/source/nwk/src/nwkDataReq.o
 .debug_frame   0x0000070c       0x64 src/ASF/thirdparty/wireless/avr2130_lwmesh/source/nwk/src/nwkFrame.o
 .debug_frame   0x00000770      0x174 src/ASF/thirdparty/wireless/avr2130_lwmesh/source/nwk/src/nwkRoute.o
 .debug_frame   0x000008e4       0xf0 src/ASF/thirdparty/wireless/avr2130_lwmesh/source/nwk/src/nwkRx.o
 .debug_frame   0x000009d4       0x84 src/ASF/thirdparty/wireless/avr2130_lwmesh/source/nwk/src/nwkSecurity.o
 .debug_frame   0x00000a58      0x154 src/ASF/thirdparty/wireless/avr2130_lwmesh/source/nwk/src/nwkTx.o
 .debug_frame   0x00000bac      0x1bc src/ASF/thirdparty/wireless/avr2130_lwmesh/source/phy/atmegarfr2/src/phy.o
 .debug_frame   0x00000d68       0x34 src/ASF/thirdparty/wireless/avr2130_lwmesh/source/sys/src/sys.o
 .debug_frame   0x00000d9c       0x24 src/ASF/thirdparty/wireless/avr2130_lwmesh/source/sys/src/sysEncrypt.o
 .debug_frame   0x00000dc0       0xe0 src/ASF/thirdparty/wireless/avr2130_lwmesh/source/sys/src/sysTimer.o
 .debug_frame   0x00000ea0       0xe0 src/ASF/thirdparty/wireless/services/common_hw_timer/mega/hw_timer.o
 .debug_frame   0x00000f80      0x624 src/ASF/thirdparty/wireless/services/mega/drivers/tc/tc_megarf.o
 .debug_frame   0x000015a4       0x90 src/ASF/thirdparty/wireless/services/sal/atmegarf_sal/src/sal.o
 .debug_frame   0x00001634      0x1c0 src/Peer2Peer.o
 .debug_frame   0x000017f4       0xc8 ../src/ASF/thirdparty/wireless/services/common_hw_timer/mega/lib\libmegarfr2_lib_hw_timer.a(common_hw_timer.o)

.debug_str      0x00000000    0x1d8ae
 *(.debug_str)
 .debug_str     0x00000000      0x7f7 C:/Program Files (x86)/Atmel/Studio/7.0/Packs/atmel/ATmega_DFP/1.6.364/gcc/dev/atmega256rfr2/avr6/crtatmega256rfr2.o
 .debug_str     0x000007f7    0x164e4 src/ASF/mega/drivers/twi/twi_megarf.o
                              0x1674c (size before relaxing)
 .debug_str     0x00016cdb     0x1411 src/temperature.o
                              0x17582 (size before relaxing)
 .debug_str     0x000180ec       0x95 src/ASF/common/services/clock/mega/sysclk.o
                              0x17043 (size before relaxing)
 .debug_str     0x00018181      0x68e src/ASF/common/services/serial/usart_serial.o
                              0x17751 (size before relaxing)
 .debug_str     0x0001880f       0x38 src/ASF/common/utils/stdio/read.o
                              0x15d7b (size before relaxing)
 .debug_str     0x00018847       0x2e src/ASF/common/utils/stdio/write.o
                              0x15d7d (size before relaxing)
 .debug_str     0x00018875      0x170 src/ASF/mega/boards/atmega256rfr2_xplained_pro/init.o
                              0x16d69 (size before relaxing)
 .debug_str     0x000189e5      0x371 src/ASF/mega/drivers/usart/usart_megarf.o
                              0x17bd5 (size before relaxing)
 .debug_str     0x00018d56      0xb22 src/ASF/thirdparty/wireless/addons/sio2host/uart/sio2host.o
                              0x186ed (size before relaxing)
 .debug_str     0x00019878      0x74f src/ASF/thirdparty/wireless/avr2130_lwmesh/source/nwk/src/nwk.o
                              0x164e2 (size before relaxing)
 .debug_str     0x00019fc7      0x36c src/ASF/thirdparty/wireless/avr2130_lwmesh/source/nwk/src/nwkDataReq.o
                              0x1667b (size before relaxing)
 .debug_str     0x0001a333       0x8d src/ASF/thirdparty/wireless/avr2130_lwmesh/source/nwk/src/nwkFrame.o
                              0x1650e (size before relaxing)
 .debug_str     0x0001a3c0      0x269 src/ASF/thirdparty/wireless/avr2130_lwmesh/source/nwk/src/nwkRoute.o
                              0x16602 (size before relaxing)
 .debug_str     0x0001a629      0x440 src/ASF/thirdparty/wireless/avr2130_lwmesh/source/nwk/src/nwkRx.o
                              0x169d6 (size before relaxing)
 .debug_str     0x0001aa69      0x1fe src/ASF/thirdparty/wireless/avr2130_lwmesh/source/nwk/src/nwkSecurity.o
                              0x16630 (size before relaxing)
 .debug_str     0x0001ac67      0x252 src/ASF/thirdparty/wireless/avr2130_lwmesh/source/nwk/src/nwkTx.o
                              0x168fd (size before relaxing)
 .debug_str     0x0001aeb9     0x1750 src/ASF/thirdparty/wireless/avr2130_lwmesh/source/phy/atmegarfr2/src/phy.o
                              0x18b58 (size before relaxing)
 .debug_str     0x0001c609       0x91 src/ASF/thirdparty/wireless/avr2130_lwmesh/source/sys/src/sys.o
                              0x18627 (size before relaxing)
 .debug_str     0x0001c69a       0x4a src/ASF/thirdparty/wireless/avr2130_lwmesh/source/sys/src/sysEncrypt.o
                               0x38cd (size before relaxing)
 .debug_str     0x0001c6e4      0x11d src/ASF/thirdparty/wireless/avr2130_lwmesh/source/sys/src/sysTimer.o
                              0x15f81 (size before relaxing)
 .debug_str     0x0001c801      0x40a src/ASF/thirdparty/wireless/services/common_hw_timer/mega/hw_timer.o
                              0x1749a (size before relaxing)
 .debug_str     0x0001cc0b      0x2f1 src/ASF/thirdparty/wireless/services/mega/drivers/tc/tc_megarf.o
                              0x173b0 (size before relaxing)
 .debug_str     0x0001cefc      0x363 src/ASF/thirdparty/wireless/services/sal/atmegarf_sal/src/sal.o
                               0x3abe (size before relaxing)
 .debug_str     0x0001d25f      0x4c8 src/Peer2Peer.o
                              0x18de9 (size before relaxing)
 .debug_str     0x0001d727      0x187 ../src/ASF/thirdparty/wireless/services/common_hw_timer/mega/lib\libmegarfr2_lib_hw_timer.a(common_hw_timer.o)
                                0x2a0 (size before relaxing)

.debug_loc      0x00000000     0x5d0a
 *(.debug_loc)
 .debug_loc     0x00000000      0x386 src/ASF/mega/drivers/twi/twi_megarf.o
 .debug_loc     0x00000386      0x105 src/temperature.o
 .debug_loc     0x0000048b      0x1f2 src/ASF/common/services/clock/mega/sysclk.o
 .debug_loc     0x0000067d      0x273 src/ASF/common/services/serial/usart_serial.o
 .debug_loc     0x000008f0       0x6e src/ASF/common/utils/stdio/read.o
 .debug_loc     0x0000095e       0x52 src/ASF/common/utils/stdio/write.o
 .debug_loc     0x000009b0       0x51 src/ASF/mega/boards/atmega256rfr2_xplained_pro/init.o
 .debug_loc     0x00000a01      0xbfe src/ASF/mega/drivers/usart/usart_megarf.o
 .debug_loc     0x000015ff      0x50d src/ASF/thirdparty/wireless/addons/sio2host/uart/sio2host.o
 .debug_loc     0x00001b0c      0x14d src/ASF/thirdparty/wireless/avr2130_lwmesh/source/nwk/src/nwk.o
 .debug_loc     0x00001c59      0x137 src/ASF/thirdparty/wireless/avr2130_lwmesh/source/nwk/src/nwkDataReq.o
 .debug_loc     0x00001d90      0x11e src/ASF/thirdparty/wireless/avr2130_lwmesh/source/nwk/src/nwkFrame.o
 .debug_loc     0x00001eae      0x875 src/ASF/thirdparty/wireless/avr2130_lwmesh/source/nwk/src/nwkRoute.o
 .debug_loc     0x00002723      0x543 src/ASF/thirdparty/wireless/avr2130_lwmesh/source/nwk/src/nwkRx.o
 .debug_loc     0x00002c66      0x186 src/ASF/thirdparty/wireless/avr2130_lwmesh/source/nwk/src/nwkSecurity.o
 .debug_loc     0x00002dec      0x691 src/ASF/thirdparty/wireless/avr2130_lwmesh/source/nwk/src/nwkTx.o
 .debug_loc     0x0000347d      0x571 src/ASF/thirdparty/wireless/avr2130_lwmesh/source/phy/atmegarfr2/src/phy.o
 .debug_loc     0x000039ee       0x4c src/ASF/thirdparty/wireless/avr2130_lwmesh/source/sys/src/sysEncrypt.o
 .debug_loc     0x00003a3a      0x442 src/ASF/thirdparty/wireless/avr2130_lwmesh/source/sys/src/sysTimer.o
 .debug_loc     0x00003e7c      0x1ec src/ASF/thirdparty/wireless/services/common_hw_timer/mega/hw_timer.o
 .debug_loc     0x00004068     0x131a src/ASF/thirdparty/wireless/services/mega/drivers/tc/tc_megarf.o
 .debug_loc     0x00005382      0x340 src/ASF/thirdparty/wireless/services/sal/atmegarf_sal/src/sal.o
 .debug_loc     0x000056c2      0x4da src/Peer2Peer.o
 .debug_loc     0x00005b9c      0x16e ../src/ASF/thirdparty/wireless/services/common_hw_timer/mega/lib\libmegarfr2_lib_hw_timer.a(common_hw_timer.o)

.debug_macinfo
 *(.debug_macinfo)

.debug_weaknames
 *(.debug_weaknames)

.debug_funcnames
 *(.debug_funcnames)

.debug_typenames
 *(.debug_typenames)

.debug_varnames
 *(.debug_varnames)

.debug_pubtypes
 *(.debug_pubtypes)

.debug_ranges   0x00000000      0x7d0
 *(.debug_ranges)
 .debug_ranges  0x00000000       0x60 src/ASF/mega/drivers/twi/twi_megarf.o
 .debug_ranges  0x00000060       0x28 src/temperature.o
 .debug_ranges  0x00000088       0x20 src/ASF/common/services/clock/mega/sysclk.o
 .debug_ranges  0x000000a8       0x18 src/ASF/common/services/serial/usart_serial.o
 .debug_ranges  0x000000c0       0x10 src/ASF/common/utils/stdio/read.o
 .debug_ranges  0x000000d0       0x10 src/ASF/common/utils/stdio/write.o
 .debug_ranges  0x000000e0       0x10 src/ASF/mega/boards/atmega256rfr2_xplained_pro/init.o
 .debug_ranges  0x000000f0       0x78 src/ASF/mega/drivers/usart/usart_megarf.o
 .debug_ranges  0x00000168       0x68 src/ASF/thirdparty/wireless/addons/sio2host/uart/sio2host.o
 .debug_ranges  0x000001d0       0x60 src/ASF/thirdparty/wireless/avr2130_lwmesh/source/nwk/src/nwk.o
 .debug_ranges  0x00000230       0x28 src/ASF/thirdparty/wireless/avr2130_lwmesh/source/nwk/src/nwkDataReq.o
 .debug_ranges  0x00000258       0x30 src/ASF/thirdparty/wireless/avr2130_lwmesh/source/nwk/src/nwkFrame.o
 .debug_ranges  0x00000288       0x88 src/ASF/thirdparty/wireless/avr2130_lwmesh/source/nwk/src/nwkRoute.o
 .debug_ranges  0x00000310       0xd8 src/ASF/thirdparty/wireless/avr2130_lwmesh/source/nwk/src/nwkRx.o
 .debug_ranges  0x000003e8       0x30 src/ASF/thirdparty/wireless/avr2130_lwmesh/source/nwk/src/nwkSecurity.o
 .debug_ranges  0x00000418       0x70 src/ASF/thirdparty/wireless/avr2130_lwmesh/source/nwk/src/nwkTx.o
 .debug_ranges  0x00000488       0xa0 src/ASF/thirdparty/wireless/avr2130_lwmesh/source/phy/atmegarfr2/src/phy.o
 .debug_ranges  0x00000528       0x18 src/ASF/thirdparty/wireless/avr2130_lwmesh/source/sys/src/sys.o
 .debug_ranges  0x00000540       0x10 src/ASF/thirdparty/wireless/avr2130_lwmesh/source/sys/src/sysEncrypt.o
 .debug_ranges  0x00000550       0x78 src/ASF/thirdparty/wireless/avr2130_lwmesh/source/sys/src/sysTimer.o
 .debug_ranges  0x000005c8       0x60 src/ASF/thirdparty/wireless/services/common_hw_timer/mega/hw_timer.o
 .debug_ranges  0x00000628       0xb8 src/ASF/thirdparty/wireless/services/mega/drivers/tc/tc_megarf.o
 .debug_ranges  0x000006e0       0x38 src/ASF/thirdparty/wireless/services/sal/atmegarf_sal/src/sal.o
 .debug_ranges  0x00000718       0xb8 src/Peer2Peer.o

.debug_macro    0x00000000     0x9a1b
 *(.debug_macro)
 .debug_macro   0x00000000      0x153 src/ASF/mega/drivers/twi/twi_megarf.o
 .debug_macro   0x00000153      0xa84 src/ASF/mega/drivers/twi/twi_megarf.o
 .debug_macro   0x00000bd7       0x10 src/ASF/mega/drivers/twi/twi_megarf.o
 .debug_macro   0x00000be7      0x1c9 src/ASF/mega/drivers/twi/twi_megarf.o
 .debug_macro   0x00000db0      0x2fc src/ASF/mega/drivers/twi/twi_megarf.o
 .debug_macro   0x000010ac       0x9e src/ASF/mega/drivers/twi/twi_megarf.o
 .debug_macro   0x0000114a     0x37da src/ASF/mega/drivers/twi/twi_megarf.o
 .debug_macro   0x00004924      0x219 src/ASF/mega/drivers/twi/twi_megarf.o
 .debug_macro   0x00004b3d       0xd9 src/ASF/mega/drivers/twi/twi_megarf.o
 .debug_macro   0x00004c16       0x34 src/ASF/mega/drivers/twi/twi_megarf.o
 .debug_macro   0x00004c4a       0x18 src/ASF/mega/drivers/twi/twi_megarf.o
 .debug_macro   0x00004c62       0x6c src/ASF/mega/drivers/twi/twi_megarf.o
 .debug_macro   0x00004cce       0x22 src/ASF/mega/drivers/twi/twi_megarf.o
 .debug_macro   0x00004cf0      0x16d src/ASF/mega/drivers/twi/twi_megarf.o
 .debug_macro   0x00004e5d       0x1c src/ASF/mega/drivers/twi/twi_megarf.o
 .debug_macro   0x00004e79       0x35 src/ASF/mega/drivers/twi/twi_megarf.o
 .debug_macro   0x00004eae       0x66 src/ASF/mega/drivers/twi/twi_megarf.o
 .debug_macro   0x00004f14      0x71d src/ASF/mega/drivers/twi/twi_megarf.o
 .debug_macro   0x00005631       0x43 src/ASF/mega/drivers/twi/twi_megarf.o
 .debug_macro   0x00005674       0x69 src/ASF/mega/drivers/twi/twi_megarf.o
 .debug_macro   0x000056dd       0x31 src/ASF/mega/drivers/twi/twi_megarf.o
 .debug_macro   0x0000570e       0x10 src/ASF/mega/drivers/twi/twi_megarf.o
 .debug_macro   0x0000571e      0x175 src/ASF/mega/drivers/twi/twi_megarf.o
 .debug_macro   0x00005893       0x40 src/ASF/mega/drivers/twi/twi_megarf.o
 .debug_macro   0x000058d3      0x100 src/ASF/mega/drivers/twi/twi_megarf.o
 .debug_macro   0x000059d3       0x16 src/ASF/mega/drivers/twi/twi_megarf.o
 .debug_macro   0x000059e9       0xac src/ASF/mega/drivers/twi/twi_megarf.o
 .debug_macro   0x00005a95      0x1c0 src/temperature.o
 .debug_macro   0x00005c55      0x10e src/temperature.o
 .debug_macro   0x00005d63      0x302 src/temperature.o
 .debug_macro   0x00006065       0x86 src/temperature.o
 .debug_macro   0x000060eb       0x3a src/temperature.o
 .debug_macro   0x00006125      0x2df src/temperature.o
 .debug_macro   0x00006404       0x6e src/temperature.o
 .debug_macro   0x00006472       0x40 src/temperature.o
 .debug_macro   0x000064b2       0x16 src/temperature.o
 .debug_macro   0x000064c8       0x34 src/temperature.o
 .debug_macro   0x000064fc       0xc9 src/temperature.o
 .debug_macro   0x000065c5       0x28 src/temperature.o
 .debug_macro   0x000065ed      0x191 src/ASF/common/services/clock/mega/sysclk.o
 .debug_macro   0x0000677e      0x1c2 src/ASF/common/services/serial/usart_serial.o
 .debug_macro   0x00006940      0x1ca src/ASF/common/services/serial/usart_serial.o
 .debug_macro   0x00006b0a      0x11b src/ASF/common/utils/stdio/read.o
 .debug_macro   0x00006c25      0x11b src/ASF/common/utils/stdio/write.o
 .debug_macro   0x00006d40      0x17f src/ASF/mega/boards/atmega256rfr2_xplained_pro/init.o
 .debug_macro   0x00006ebf      0x2d9 src/ASF/mega/boards/atmega256rfr2_xplained_pro/init.o
 .debug_macro   0x00007198      0x1a4 src/ASF/mega/drivers/usart/usart_megarf.o
 .debug_macro   0x0000733c      0x1c4 src/ASF/mega/drivers/usart/usart_megarf.o
 .debug_macro   0x00007500      0x261 src/ASF/thirdparty/wireless/addons/sio2host/uart/sio2host.o
 .debug_macro   0x00007761       0x22 src/ASF/thirdparty/wireless/addons/sio2host/uart/sio2host.o
 .debug_macro   0x00007783       0x28 src/ASF/thirdparty/wireless/addons/sio2host/uart/sio2host.o
 .debug_macro   0x000077ab       0x22 src/ASF/thirdparty/wireless/addons/sio2host/uart/sio2host.o
 .debug_macro   0x000077cd       0x58 src/ASF/thirdparty/wireless/addons/sio2host/uart/sio2host.o
 .debug_macro   0x00007825       0x10 src/ASF/thirdparty/wireless/addons/sio2host/uart/sio2host.o
 .debug_macro   0x00007835       0xf2 src/ASF/thirdparty/wireless/addons/sio2host/uart/sio2host.o
 .debug_macro   0x00007927       0x16 src/ASF/thirdparty/wireless/addons/sio2host/uart/sio2host.o
 .debug_macro   0x0000793d       0x3a src/ASF/thirdparty/wireless/addons/sio2host/uart/sio2host.o
 .debug_macro   0x00007977      0x1c5 src/ASF/thirdparty/wireless/avr2130_lwmesh/source/nwk/src/nwk.o
 .debug_macro   0x00007b3c       0x16 src/ASF/thirdparty/wireless/avr2130_lwmesh/source/nwk/src/nwk.o
 .debug_macro   0x00007b52       0x20 src/ASF/thirdparty/wireless/avr2130_lwmesh/source/nwk/src/nwk.o
 .debug_macro   0x00007b72       0x1c src/ASF/thirdparty/wireless/avr2130_lwmesh/source/nwk/src/nwk.o
 .debug_macro   0x00007b8e       0x64 src/ASF/thirdparty/wireless/avr2130_lwmesh/source/nwk/src/nwk.o
 .debug_macro   0x00007bf2       0x16 src/ASF/thirdparty/wireless/avr2130_lwmesh/source/nwk/src/nwk.o
 .debug_macro   0x00007c08       0x16 src/ASF/thirdparty/wireless/avr2130_lwmesh/source/nwk/src/nwk.o
 .debug_macro   0x00007c1e       0x1c src/ASF/thirdparty/wireless/avr2130_lwmesh/source/nwk/src/nwk.o
 .debug_macro   0x00007c3a       0x1c src/ASF/thirdparty/wireless/avr2130_lwmesh/source/nwk/src/nwk.o
 .debug_macro   0x00007c56      0x1b0 src/ASF/thirdparty/wireless/avr2130_lwmesh/source/nwk/src/nwkDataReq.o
 .debug_macro   0x00007e06       0x10 src/ASF/thirdparty/wireless/avr2130_lwmesh/source/nwk/src/nwkDataReq.o
 .debug_macro   0x00007e16      0x19e src/ASF/thirdparty/wireless/avr2130_lwmesh/source/nwk/src/nwkFrame.o
 .debug_macro   0x00007fb4      0x1bc src/ASF/thirdparty/wireless/avr2130_lwmesh/source/nwk/src/nwkRoute.o
 .debug_macro   0x00008170      0x1f0 src/ASF/thirdparty/wireless/avr2130_lwmesh/source/nwk/src/nwkRx.o
 .debug_macro   0x00008360      0x1b6 src/ASF/thirdparty/wireless/avr2130_lwmesh/source/nwk/src/nwkSecurity.o
 .debug_macro   0x00008516      0x1de src/ASF/thirdparty/wireless/avr2130_lwmesh/source/nwk/src/nwkTx.o
 .debug_macro   0x000086f4      0x1f4 src/ASF/thirdparty/wireless/avr2130_lwmesh/source/phy/atmegarfr2/src/phy.o
 .debug_macro   0x000088e8       0x16 src/ASF/thirdparty/wireless/avr2130_lwmesh/source/phy/atmegarfr2/src/phy.o
 .debug_macro   0x000088fe       0x28 src/ASF/thirdparty/wireless/avr2130_lwmesh/source/phy/atmegarfr2/src/phy.o
 .debug_macro   0x00008926       0x16 src/ASF/thirdparty/wireless/avr2130_lwmesh/source/phy/atmegarfr2/src/phy.o
 .debug_macro   0x0000893c       0x23 src/ASF/thirdparty/wireless/avr2130_lwmesh/source/phy/atmegarfr2/src/phy.o
 .debug_macro   0x0000895f      0x27e src/ASF/thirdparty/wireless/avr2130_lwmesh/source/phy/atmegarfr2/src/phy.o
 .debug_macro   0x00008bdd      0x2f6 src/ASF/thirdparty/wireless/avr2130_lwmesh/source/sys/src/sys.o
 .debug_macro   0x00008ed3       0x28 src/ASF/thirdparty/wireless/avr2130_lwmesh/source/sys/src/sys.o
 .debug_macro   0x00008efb       0x6f src/ASF/thirdparty/wireless/avr2130_lwmesh/source/sys/src/sysEncrypt.o
 .debug_macro   0x00008f6a       0x97 src/ASF/thirdparty/wireless/avr2130_lwmesh/source/sys/src/sysEncrypt.o
 .debug_macro   0x00009001       0x16 src/ASF/thirdparty/wireless/avr2130_lwmesh/source/sys/src/sysEncrypt.o
 .debug_macro   0x00009017      0x13d src/ASF/thirdparty/wireless/avr2130_lwmesh/source/sys/src/sysTimer.o
 .debug_macro   0x00009154       0x10 src/ASF/thirdparty/wireless/avr2130_lwmesh/source/sys/src/sysTimer.o
 .debug_macro   0x00009164      0x1c6 src/ASF/thirdparty/wireless/services/common_hw_timer/mega/hw_timer.o
 .debug_macro   0x0000932a       0x10 src/ASF/thirdparty/wireless/services/common_hw_timer/mega/hw_timer.o
 .debug_macro   0x0000933a      0x19e src/ASF/thirdparty/wireless/services/mega/drivers/tc/tc_megarf.o
 .debug_macro   0x000094d8       0xfe src/ASF/thirdparty/wireless/services/sal/atmegarf_sal/src/sal.o
 .debug_macro   0x000095d6      0x344 src/Peer2Peer.o
 .debug_macro   0x0000991a       0x1c src/Peer2Peer.o
 .debug_macro   0x00009936       0xaa src/Peer2Peer.o
 .debug_macro   0x000099e0       0x3b src/Peer2Peer.o
OUTPUT(Nodo_1_Redes.elf elf32-avr)
LOAD linker stubs
